#! /c/Source/iverilog-install/bin/vvp
:ivl_version "12.0 (devel)" "(s20150603-1539-g2693dd32b)";
:ivl_delay_selection "TYPICAL";
:vpi_time_precision + 0;
:vpi_module "C:\iverilog\lib\ivl\system.vpi";
:vpi_module "C:\iverilog\lib\ivl\vhdl_sys.vpi";
:vpi_module "C:\iverilog\lib\ivl\vhdl_textio.vpi";
:vpi_module "C:\iverilog\lib\ivl\v2005_math.vpi";
:vpi_module "C:\iverilog\lib\ivl\va_math.vpi";
S_0000022bfce22df0 .scope module, "D_Flip_Flop" "D_Flip_Flop" 2 1;
 .timescale 0 0;
    .port_info 0 /INPUT 1 "in";
    .port_info 1 /INPUT 1 "clk";
    .port_info 2 /INPUT 1 "reset";
    .port_info 3 /OUTPUT 1 "out";
o0000022bfce56fd8 .functor BUFZ 1, C4<z>; HiZ drive
v0000022bfce22f80_0 .net "clk", 0 0, o0000022bfce56fd8;  0 drivers
o0000022bfce57008 .functor BUFZ 1, C4<z>; HiZ drive
v0000022bfce23020_0 .net "in", 0 0, o0000022bfce57008;  0 drivers
v0000022bfce230c0_0 .var "out", 0 0;
o0000022bfce57068 .functor BUFZ 1, C4<z>; HiZ drive
v0000022bfbf2e220_0 .net "reset", 0 0, o0000022bfce57068;  0 drivers
E_0000022bfce55600 .event posedge, v0000022bfce22f80_0;
    .scope S_0000022bfce22df0;
T_0 ;
    %wait E_0000022bfce55600;
    %load/vec4 v0000022bfbf2e220_0;
    %cmpi/e 0, 0, 1;
    %jmp/0xz  T_0.0, 4;
    %pushi/vec4 0, 0, 1;
    %store/vec4 v0000022bfce230c0_0, 0, 1;
    %jmp T_0.1;
T_0.0 ;
    %load/vec4 v0000022bfce23020_0;
    %store/vec4 v0000022bfce230c0_0, 0, 1;
T_0.1 ;
    %jmp T_0;
    .thread T_0;
# The file index is used to find the file name in the following table.
:file_names 3;
    "N/A";
    "<interactive>";
    "D_Flip_Flop.v";
