#! /c/Source/iverilog-install/bin/vvp
:ivl_version "12.0 (devel)" "(s20150603-1539-g2693dd32b)";
:ivl_delay_selection "TYPICAL";
:vpi_time_precision - 9;
:vpi_module "C:\iverilog\lib\ivl\system.vpi";
:vpi_module "C:\iverilog\lib\ivl\vhdl_sys.vpi";
:vpi_module "C:\iverilog\lib\ivl\vhdl_textio.vpi";
:vpi_module "C:\iverilog\lib\ivl\v2005_math.vpi";
:vpi_module "C:\iverilog\lib\ivl\va_math.vpi";
S_00000200219440a0 .scope module, "D_Flip_Flop_tb" "D_Flip_Flop_tb" 2 3;
 .timescale -8 -9;
v00000200219443c0_0 .var "clk", 0 0;
v0000020021944460_0 .var "d", 0 0;
v00000200219433d0_0 .net "q", 0 0, v0000020020abdd50_0;  1 drivers
v0000020021943470_0 .var "rst", 0 0;
S_0000020021944230 .scope module, "dut" "D_Flip_Flop" 2 10, 3 1 0, S_00000200219440a0;
 .timescale -8 -9;
    .port_info 0 /INPUT 1 "in";
    .port_info 1 /INPUT 1 "clk";
    .port_info 2 /INPUT 1 "reset";
    .port_info 3 /OUTPUT 1 "out";
v0000020020abc020_0 .net "clk", 0 0, v00000200219443c0_0;  1 drivers
v0000020020ab8750_0 .net "in", 0 0, v0000020021944460_0;  1 drivers
v0000020020abdd50_0 .var "out", 0 0;
v0000020020abddf0_0 .net "reset", 0 0, v0000020021943470_0;  1 drivers
E_0000020021945580 .event posedge, v0000020020abc020_0;
    .scope S_0000020021944230;
T_0 ;
    %wait E_0000020021945580;
    %load/vec4 v0000020020abddf0_0;
    %cmpi/e 0, 0, 1;
    %jmp/0xz  T_0.0, 4;
    %pushi/vec4 0, 0, 1;
    %store/vec4 v0000020020abdd50_0, 0, 1;
    %jmp T_0.1;
T_0.0 ;
    %load/vec4 v0000020020ab8750_0;
    %store/vec4 v0000020020abdd50_0, 0, 1;
T_0.1 ;
    %jmp T_0;
    .thread T_0;
    .scope S_00000200219440a0;
T_1 ;
    %pushi/vec4 0, 0, 1;
    %store/vec4 v00000200219443c0_0, 0, 1;
    %pushi/vec4 0, 0, 1;
    %store/vec4 v0000020021943470_0, 0, 1;
    %pushi/vec4 0, 0, 1;
    %store/vec4 v0000020021944460_0, 0, 1;
    %end;
    .thread T_1;
    .scope S_00000200219440a0;
T_2 ;
    %delay 100, 0;
    %pushi/vec4 0, 0, 1;
    %assign/vec4 v0000020021943470_0, 0;
    %pushi/vec4 0, 0, 1;
    %assign/vec4 v0000020021944460_0, 0;
    %delay 100, 0;
    %pushi/vec4 0, 0, 1;
    %assign/vec4 v0000020021943470_0, 0;
    %pushi/vec4 1, 0, 1;
    %assign/vec4 v0000020021944460_0, 0;
    %delay 100, 0;
    %pushi/vec4 1, 0, 1;
    %assign/vec4 v0000020021943470_0, 0;
    %pushi/vec4 0, 0, 1;
    %assign/vec4 v0000020021944460_0, 0;
    %delay 100, 0;
    %pushi/vec4 1, 0, 1;
    %assign/vec4 v0000020021943470_0, 0;
    %pushi/vec4 1, 0, 1;
    %assign/vec4 v0000020021944460_0, 0;
    %jmp T_2;
    .thread T_2;
    .scope S_00000200219440a0;
T_3 ;
    %delay 50, 0;
    %load/vec4 v00000200219443c0_0;
    %inv;
    %store/vec4 v00000200219443c0_0, 0, 1;
    %jmp T_3;
    .thread T_3;
# The file index is used to find the file name in the following table.
:file_names 4;
    "N/A";
    "<interactive>";
    "D_Flip_Flop_tb.v";
    "./D_Flip_Flop.v";
