#! /c/Source/iverilog-install/bin/vvp
:ivl_version "12.0 (devel)" "(s20150603-1539-g2693dd32b)";
:ivl_delay_selection "TYPICAL";
:vpi_time_precision + 0;
:vpi_module "C:\iverilog\lib\ivl\system.vpi";
:vpi_module "C:\iverilog\lib\ivl\vhdl_sys.vpi";
:vpi_module "C:\iverilog\lib\ivl\vhdl_textio.vpi";
:vpi_module "C:\iverilog\lib\ivl\v2005_math.vpi";
:vpi_module "C:\iverilog\lib\ivl\va_math.vpi";
S_00000238a1c25d80 .scope module, "Full_Add" "Full_Add" 2 3;
 .timescale 0 0;
    .port_info 0 /INPUT 1 "num1";
    .port_info 1 /INPUT 1 "num2";
    .port_info 2 /INPUT 1 "cin";
    .port_info 3 /OUTPUT 1 "sum";
    .port_info 4 /OUTPUT 1 "cout";
L_00000238a1c6de30 .functor OR 1, L_00000238a1bf3700, L_00000238a1c6ddc0, C4<0>, C4<0>;
o00000238a1c27158 .functor BUFZ 1, C4<z>; HiZ drive
v00000238a1c6ba20_0 .net "cin", 0 0, o00000238a1c27158;  0 drivers
v00000238a1c6bac0_0 .net "cout", 0 0, L_00000238a1c6de30;  1 drivers
v00000238a1c6bb60_0 .net "cout1", 0 0, L_00000238a1bf3700;  1 drivers
v00000238a1c6bc00_0 .net "cout2", 0 0, L_00000238a1c6ddc0;  1 drivers
o00000238a1c26fd8 .functor BUFZ 1, C4<z>; HiZ drive
v00000238a1c6c970_0 .net "num1", 0 0, o00000238a1c26fd8;  0 drivers
o00000238a1c27008 .functor BUFZ 1, C4<z>; HiZ drive
v00000238a1c6bcf0_0 .net "num2", 0 0, o00000238a1c27008;  0 drivers
v00000238a1c6c790_0 .net "sum", 0 0, L_00000238a1c6dcc0;  1 drivers
v00000238a1c6c0b0_0 .net "sum1", 0 0, L_00000238a1bf35a0;  1 drivers
S_00000238a1c25f10 .scope module, "HA1" "Half_Add" 2 11, 3 1 0, S_00000238a1c25d80;
 .timescale 0 0;
    .port_info 0 /INPUT 1 "A";
    .port_info 1 /INPUT 1 "B";
    .port_info 2 /OUTPUT 1 "O";
    .port_info 3 /OUTPUT 1 "C";
L_00000238a1bf35a0 .functor XOR 1, o00000238a1c26fd8, o00000238a1c27008, C4<0>, C4<0>;
L_00000238a1bf3700 .functor AND 1, o00000238a1c26fd8, o00000238a1c27008, C4<1>, C4<1>;
v00000238a1c260a0_0 .net "A", 0 0, o00000238a1c26fd8;  alias, 0 drivers
v00000238a1bf3120_0 .net "B", 0 0, o00000238a1c27008;  alias, 0 drivers
v00000238a1c26140_0 .net "C", 0 0, L_00000238a1bf3700;  alias, 1 drivers
v00000238a1c24d10_0 .net "O", 0 0, L_00000238a1bf35a0;  alias, 1 drivers
S_00000238a1c24db0 .scope module, "HA2" "Half_Add" 2 12, 3 1 0, S_00000238a1c25d80;
 .timescale 0 0;
    .port_info 0 /INPUT 1 "A";
    .port_info 1 /INPUT 1 "B";
    .port_info 2 /OUTPUT 1 "O";
    .port_info 3 /OUTPUT 1 "C";
L_00000238a1c6dcc0 .functor XOR 1, L_00000238a1bf35a0, o00000238a1c27158, C4<0>, C4<0>;
L_00000238a1c6ddc0 .functor AND 1, L_00000238a1bf35a0, o00000238a1c27158, C4<1>, C4<1>;
v00000238a1c24f40_0 .net "A", 0 0, L_00000238a1bf35a0;  alias, 1 drivers
v00000238a1c6b840_0 .net "B", 0 0, o00000238a1c27158;  alias, 0 drivers
v00000238a1c6b8e0_0 .net "C", 0 0, L_00000238a1c6ddc0;  alias, 1 drivers
v00000238a1c6b980_0 .net "O", 0 0, L_00000238a1c6dcc0;  alias, 1 drivers
# The file index is used to find the file name in the following table.
:file_names 4;
    "N/A";
    "<interactive>";
    "Full_Add.v";
    "./Half_Add.v";
