#! /c/Source/iverilog-install/bin/vvp
:ivl_version "12.0 (devel)" "(s20150603-1539-g2693dd32b)";
:ivl_delay_selection "TYPICAL";
:vpi_time_precision + 0;
:vpi_module "C:\iverilog\lib\ivl\system.vpi";
:vpi_module "C:\iverilog\lib\ivl\vhdl_sys.vpi";
:vpi_module "C:\iverilog\lib\ivl\vhdl_textio.vpi";
:vpi_module "C:\iverilog\lib\ivl\v2005_math.vpi";
:vpi_module "C:\iverilog\lib\ivl\va_math.vpi";
S_0000012e14aa6d00 .scope module, "Half_Add" "Half_Add" 2 1;
 .timescale 0 0;
    .port_info 0 /INPUT 1 "A";
    .port_info 1 /INPUT 1 "B";
    .port_info 2 /OUTPUT 1 "O";
    .port_info 3 /OUTPUT 1 "C";
o0000012e14aa6e98 .functor BUFZ 1, C4<z>; HiZ drive
o0000012e14aa6ec8 .functor BUFZ 1, C4<z>; HiZ drive
L_0000012e14aa6800 .functor XOR 1, o0000012e14aa6e98, o0000012e14aa6ec8, C4<0>, C4<0>;
L_0000012e14a73560 .functor AND 1, o0000012e14aa6e98, o0000012e14aa6ec8, C4<1>, C4<1>;
v0000012e14aa6760_0 .net "A", 0 0, o0000012e14aa6e98;  0 drivers
v0000012e14a730e0_0 .net "B", 0 0, o0000012e14aa6ec8;  0 drivers
v0000012e13bbe640_0 .net "C", 0 0, L_0000012e14a73560;  1 drivers
v0000012e13bbe6e0_0 .net "O", 0 0, L_0000012e14aa6800;  1 drivers
# The file index is used to find the file name in the following table.
:file_names 3;
    "N/A";
    "<interactive>";
    "Half_Add.v";
