#! /c/Source/iverilog-install/bin/vvp
:ivl_version "12.0 (devel)" "(s20150603-1539-g2693dd32b)";
:ivl_delay_selection "TYPICAL";
:vpi_time_precision - 9;
:vpi_module "C:\iverilog\lib\ivl\system.vpi";
:vpi_module "C:\iverilog\lib\ivl\vhdl_sys.vpi";
:vpi_module "C:\iverilog\lib\ivl\vhdl_textio.vpi";
:vpi_module "C:\iverilog\lib\ivl\v2005_math.vpi";
:vpi_module "C:\iverilog\lib\ivl\va_math.vpi";
S_000001bc76d7e3a0 .scope module, "Half_Add_tb" "Half_Add_tb" 2 3;
 .timescale -8 -9;
v000001bc76d7cd30_0 .var "in1", 0 0;
v000001bc76d7cdd0_0 .var "in2", 0 0;
v000001bc76d7ce70_0 .net "o1", 0 0, L_000001bc76d7c320;  1 drivers
v000001bc76d7cf10_0 .net "o2", 0 0, L_000001bc76d7a9c0;  1 drivers
S_000001bc76d7e530 .scope module, "add" "Half_Add" 2 10, 3 1 0, S_000001bc76d7e3a0;
 .timescale -8 -9;
    .port_info 0 /INPUT 1 "A";
    .port_info 1 /INPUT 1 "B";
    .port_info 2 /OUTPUT 1 "O";
    .port_info 3 /OUTPUT 1 "C";
L_000001bc76d7c320 .functor XOR 1, v000001bc76d7cd30_0, v000001bc76d7cdd0_0, C4<0>, C4<0>;
L_000001bc76d7a9c0 .functor AND 1, v000001bc76d7cd30_0, v000001bc76d7cdd0_0, C4<1>, C4<1>;
v000001bc76d7a920_0 .net "A", 0 0, v000001bc76d7cd30_0;  1 drivers
v000001bc79253780_0 .net "B", 0 0, v000001bc76d7cdd0_0;  1 drivers
v000001bc76d7e6c0_0 .net "C", 0 0, L_000001bc76d7a9c0;  alias, 1 drivers
v000001bc76d7e760_0 .net "O", 0 0, L_000001bc76d7c320;  alias, 1 drivers
    .scope S_000001bc76d7e3a0;
T_0 ;
    %vpi_call 2 13 "$dumpfile", "Half_Add.vcd" {0 0 0};
    %vpi_call 2 15 "$dumpvars", 32'sb00000000000000000000000000000000, S_000001bc76d7e3a0 {0 0 0};
    %end;
    .thread T_0;
    .scope S_000001bc76d7e3a0;
T_1 ;
    %delay 1000, 0;
    %pushi/vec4 0, 0, 1;
    %store/vec4 v000001bc76d7cd30_0, 0, 1;
    %pushi/vec4 0, 0, 1;
    %store/vec4 v000001bc76d7cdd0_0, 0, 1;
    %delay 1000, 0;
    %pushi/vec4 0, 0, 1;
    %store/vec4 v000001bc76d7cd30_0, 0, 1;
    %pushi/vec4 1, 0, 1;
    %store/vec4 v000001bc76d7cdd0_0, 0, 1;
    %delay 1000, 0;
    %pushi/vec4 1, 0, 1;
    %store/vec4 v000001bc76d7cd30_0, 0, 1;
    %pushi/vec4 0, 0, 1;
    %store/vec4 v000001bc76d7cdd0_0, 0, 1;
    %delay 1000, 0;
    %pushi/vec4 1, 0, 1;
    %store/vec4 v000001bc76d7cd30_0, 0, 1;
    %pushi/vec4 1, 0, 1;
    %store/vec4 v000001bc76d7cdd0_0, 0, 1;
    %delay 1000, 0;
    %vpi_call 2 28 "$finish" {0 0 0};
    %end;
    .thread T_1;
# The file index is used to find the file name in the following table.
:file_names 4;
    "N/A";
    "<interactive>";
    "Half_Add_tb.v";
    "./Half_Add.v";
