#! /c/Source/iverilog-install/bin/vvp
:ivl_version "12.0 (devel)" "(s20150603-1539-g2693dd32b)";
:ivl_delay_selection "TYPICAL";
:vpi_time_precision + 0;
:vpi_module "C:\iverilog\lib\ivl\system.vpi";
:vpi_module "C:\iverilog\lib\ivl\vhdl_sys.vpi";
:vpi_module "C:\iverilog\lib\ivl\vhdl_textio.vpi";
:vpi_module "C:\iverilog\lib\ivl\v2005_math.vpi";
:vpi_module "C:\iverilog\lib\ivl\va_math.vpi";
S_000001c9aefaa930 .scope module, "sync_fifo_tb" "sync_fifo_tb" 2 2;
 .timescale 0 0;
P_000001c9aef83970 .param/l "DP" 0 2 5, +C4<00000000000000000000000000001000>;
P_000001c9aef839a8 .param/l "DW" 0 2 4, +C4<00000000000000000000000000001000>;
v000001c9aefb3c50_0 .var "clk", 0 0;
v000001c9aefb3cf0_0 .var "din", 7 0;
v000001c9af0120d0_0 .net "dout", 7 0, v000001c9adf9ce80_0;  1 drivers
v000001c9af012490_0 .net "empty", 0 0, v000001c9adf9cf20_0;  1 drivers
v000001c9af011c70_0 .net "full", 0 0, v000001c9aefbcd30_0;  1 drivers
v000001c9af0127b0_0 .var "rd_en", 0 0;
v000001c9af012670_0 .var "rst_n", 0 0;
v000001c9af011d10_0 .var "wr_en", 0 0;
S_000001c9aefbcb00 .scope module, "u_sync_fifo" "sync_fifo" 2 20, 3 1 0, S_000001c9aefaa930;
 .timescale 0 0;
    .port_info 0 /INPUT 1 "clk";
    .port_info 1 /INPUT 1 "rst_n";
    .port_info 2 /INPUT 1 "wr_en";
    .port_info 3 /INPUT 8 "din";
    .port_info 4 /INPUT 1 "rd_en";
    .port_info 5 /OUTPUT 8 "dout";
    .port_info 6 /OUTPUT 1 "empty";
    .port_info 7 /OUTPUT 1 "full";
P_000001c9aefaaac0 .param/l "ADDR_BIT" 1 3 21, +C4<00000000000000000000000000000011>;
P_000001c9aefaaaf8 .param/l "DATA_WIDTH" 0 3 3, +C4<00000000000000000000000000001000>;
P_000001c9aefaab30 .param/l "DEPTH" 0 3 4, +C4<00000000000000000000000000001000>;
P_000001c9aefaab68 .param/l "PTR_WID" 1 3 22, +C4<000000000000000000000000000000100>;
v000001c9adf9ad60_0 .net "clk", 0 0, v000001c9aefb3c50_0;  1 drivers
v000001c9adf9b610_0 .net "din", 7 0, v000001c9aefb3cf0_0;  1 drivers
v000001c9adf9ce80_0 .var "dout", 7 0;
v000001c9adf9cf20_0 .var "empty", 0 0;
v000001c9aefbcc90 .array "fifo_mem", 7 0, 7 0;
v000001c9aefbcd30_0 .var "full", 0 0;
v000001c9aefbcdd0_0 .net "rd_en", 0 0, v000001c9af0127b0_0;  1 drivers
v000001c9aefbce70_0 .var "rd_ptr", 3 0;
v000001c9aefb3a70_0 .net "rst_n", 0 0, v000001c9af012670_0;  1 drivers
v000001c9aefb3b10_0 .net "wr_en", 0 0, v000001c9af011d10_0;  1 drivers
v000001c9aefb3bb0_0 .var "wr_ptr", 3 0;
E_000001c9adf9c480 .event anyedge, v000001c9aefb3bb0_0, v000001c9aefbce70_0;
E_000001c9adf9c0c0/0 .event negedge, v000001c9aefb3a70_0;
E_000001c9adf9c0c0/1 .event posedge, v000001c9adf9ad60_0;
E_000001c9adf9c0c0 .event/or E_000001c9adf9c0c0/0, E_000001c9adf9c0c0/1;
E_000001c9adf9bd40 .event posedge, v000001c9adf9ad60_0;
    .scope S_000001c9aefbcb00;
T_0 ;
    %wait E_000001c9adf9c0c0;
    %load/vec4 v000001c9aefb3a70_0;
    %nor/r;
    %flag_set/vec4 8;
    %jmp/0xz  T_0.0, 8;
    %pushi/vec4 0, 0, 4;
    %assign/vec4 v000001c9aefb3bb0_0, 0;
    %jmp T_0.1;
T_0.0 ;
    %load/vec4 v000001c9aefb3b10_0;
    %flag_set/vec4 9;
    %flag_get/vec4 9;
    %jmp/0 T_0.4, 9;
    %load/vec4 v000001c9aefbcd30_0;
    %nor/r;
    %and;
T_0.4;
    %flag_set/vec4 8;
    %jmp/0xz  T_0.2, 8;
    %load/vec4 v000001c9aefb3bb0_0;
    %addi 1, 0, 4;
    %assign/vec4 v000001c9aefb3bb0_0, 0;
T_0.2 ;
T_0.1 ;
    %jmp T_0;
    .thread T_0;
    .scope S_000001c9aefbcb00;
T_1 ;
    %wait E_000001c9adf9c0c0;
    %load/vec4 v000001c9aefb3a70_0;
    %nor/r;
    %flag_set/vec4 8;
    %jmp/0xz  T_1.0, 8;
    %pushi/vec4 0, 0, 4;
    %assign/vec4 v000001c9aefbce70_0, 0;
    %jmp T_1.1;
T_1.0 ;
    %load/vec4 v000001c9aefbcdd0_0;
    %flag_set/vec4 9;
    %flag_get/vec4 9;
    %jmp/0 T_1.4, 9;
    %load/vec4 v000001c9adf9cf20_0;
    %nor/r;
    %and;
T_1.4;
    %flag_set/vec4 8;
    %jmp/0xz  T_1.2, 8;
    %load/vec4 v000001c9aefbce70_0;
    %addi 1, 0, 4;
    %assign/vec4 v000001c9aefbce70_0, 0;
T_1.2 ;
T_1.1 ;
    %jmp T_1;
    .thread T_1;
    .scope S_000001c9aefbcb00;
T_2 ;
    %wait E_000001c9adf9bd40;
    %load/vec4 v000001c9aefb3b10_0;
    %flag_set/vec4 9;
    %flag_get/vec4 9;
    %jmp/0 T_2.2, 9;
    %load/vec4 v000001c9aefbcd30_0;
    %nor/r;
    %and;
T_2.2;
    %flag_set/vec4 8;
    %jmp/0xz  T_2.0, 8;
    %load/vec4 v000001c9adf9b610_0;
    %load/vec4 v000001c9aefb3bb0_0;
    %parti/s 3, 0, 2;
    %pad/u 5;
    %ix/vec4 3;
    %ix/load 4, 0, 0; Constant delay
    %assign/vec4/a/d v000001c9aefbcc90, 0, 4;
T_2.0 ;
    %jmp T_2;
    .thread T_2;
    .scope S_000001c9aefbcb00;
T_3 ;
    %wait E_000001c9adf9c0c0;
    %load/vec4 v000001c9aefb3a70_0;
    %nor/r;
    %flag_set/vec4 8;
    %jmp/0xz  T_3.0, 8;
    %pushi/vec4 0, 0, 8;
    %assign/vec4 v000001c9adf9ce80_0, 0;
    %jmp T_3.1;
T_3.0 ;
    %load/vec4 v000001c9aefbcdd0_0;
    %flag_set/vec4 9;
    %flag_get/vec4 9;
    %jmp/0 T_3.4, 9;
    %load/vec4 v000001c9adf9cf20_0;
    %nor/r;
    %and;
T_3.4;
    %flag_set/vec4 8;
    %jmp/0xz  T_3.2, 8;
    %load/vec4 v000001c9aefbce70_0;
    %parti/s 3, 0, 2;
    %pad/u 5;
    %ix/vec4 4;
    %load/vec4a v000001c9aefbcc90, 4;
    %assign/vec4 v000001c9adf9ce80_0, 0;
T_3.2 ;
T_3.1 ;
    %jmp T_3;
    .thread T_3;
    .scope S_000001c9aefbcb00;
T_4 ;
    %wait E_000001c9adf9c480;
    %load/vec4 v000001c9aefb3bb0_0;
    %load/vec4 v000001c9aefbce70_0;
    %cmp/e;
    %flag_get/vec4 4;
    %store/vec4 v000001c9adf9cf20_0, 0, 1;
    %load/vec4 v000001c9aefb3bb0_0;
    %parti/s 1, 3, 3;
    %load/vec4 v000001c9aefbce70_0;
    %parti/s 1, 3, 3;
    %cmp/ne;
    %flag_get/vec4 4;
    %jmp/0 T_4.0, 4;
    %load/vec4 v000001c9aefb3bb0_0;
    %parti/s 3, 0, 2;
    %load/vec4 v000001c9aefbce70_0;
    %parti/s 3, 0, 2;
    %cmp/e;
    %flag_get/vec4 4;
    %and;
T_4.0;
    %store/vec4 v000001c9aefbcd30_0, 0, 1;
    %jmp T_4;
    .thread T_4, $push;
    .scope S_000001c9aefaa930;
T_5 ;
    %pushi/vec4 0, 0, 1;
    %store/vec4 v000001c9aefb3c50_0, 0, 1;
T_5.0 ;
    %delay 5, 0;
    %load/vec4 v000001c9aefb3c50_0;
    %inv;
    %store/vec4 v000001c9aefb3c50_0, 0, 1;
    %jmp T_5.0;
    %end;
    .thread T_5;
    .scope S_000001c9aefaa930;
T_6 ;
    %pushi/vec4 0, 0, 1;
    %store/vec4 v000001c9af012670_0, 0, 1;
    %pushi/vec4 0, 0, 1;
    %store/vec4 v000001c9af011d10_0, 0, 1;
    %pushi/vec4 0, 0, 1;
    %store/vec4 v000001c9af0127b0_0, 0, 1;
    %pushi/vec4 0, 0, 8;
    %store/vec4 v000001c9aefb3cf0_0, 0, 8;
    %delay 10, 0;
    %pushi/vec4 1, 0, 1;
    %store/vec4 v000001c9af012670_0, 0, 1;
    %pushi/vec4 8, 0, 32;
T_6.0 %dup/vec4;
    %pushi/vec4 0, 0, 32;
    %cmp/s;
    %jmp/1xz T_6.1, 5;
    %jmp/1 T_6.1, 4;
    %pushi/vec4 1, 0, 32;
    %sub;
    %wait E_000001c9adf9bd40;
    %pushi/vec4 1, 0, 1;
    %store/vec4 v000001c9af011d10_0, 0, 1;
    %load/vec4 v000001c9aefb3cf0_0;
    %addi 1, 0, 8;
    %store/vec4 v000001c9aefb3cf0_0, 0, 8;
    %jmp T_6.0;
T_6.1 ;
    %pop/vec4 1;
    %wait E_000001c9adf9bd40;
    %pushi/vec4 0, 0, 1;
    %store/vec4 v000001c9af011d10_0, 0, 1;
    %delay 20, 0;
    %pushi/vec4 8, 0, 32;
T_6.2 %dup/vec4;
    %pushi/vec4 0, 0, 32;
    %cmp/s;
    %jmp/1xz T_6.3, 5;
    %jmp/1 T_6.3, 4;
    %pushi/vec4 1, 0, 32;
    %sub;
    %wait E_000001c9adf9bd40;
    %pushi/vec4 1, 0, 1;
    %store/vec4 v000001c9af0127b0_0, 0, 1;
    %jmp T_6.2;
T_6.3 ;
    %pop/vec4 1;
    %wait E_000001c9adf9bd40;
    %pushi/vec4 0, 0, 1;
    %store/vec4 v000001c9af0127b0_0, 0, 1;
    %delay 50, 0;
    %vpi_call 2 56 "$finish" {0 0 0};
    %end;
    .thread T_6;
    .scope S_000001c9aefaa930;
T_7 ;
    %vpi_call 2 61 "$dumpfile", "sync_fifo.vcd" {0 0 0};
    %vpi_call 2 62 "$dumpvars", 32'sb00000000000000000000000000000000, S_000001c9aefaa930 {0 0 0};
    %end;
    .thread T_7;
# The file index is used to find the file name in the following table.
:file_names 4;
    "N/A";
    "<interactive>";
    "sync_fifo_tb.v";
    "./sync_fifo.v";
