#! /c/Source/iverilog-install/bin/vvp
:ivl_version "12.0 (devel)" "(s20150603-1539-g2693dd32b)";
:ivl_delay_selection "TYPICAL";
:vpi_time_precision + 0;
:vpi_module "C:\iverilog\lib\ivl\system.vpi";
:vpi_module "C:\iverilog\lib\ivl\vhdl_sys.vpi";
:vpi_module "C:\iverilog\lib\ivl\vhdl_textio.vpi";
:vpi_module "C:\iverilog\lib\ivl\v2005_math.vpi";
:vpi_module "C:\iverilog\lib\ivl\va_math.vpi";
S_0000021000f02d20 .scope module, "sync_fifo" "sync_fifo" 2 1;
 .timescale 0 0;
    .port_info 0 /INPUT 1 "clk";
    .port_info 1 /INPUT 1 "rst_n";
    .port_info 2 /INPUT 1 "wr_en";
    .port_info 3 /INPUT 8 "din";
    .port_info 4 /INPUT 1 "rd_en";
    .port_info 5 /OUTPUT 8 "dout";
    .port_info 6 /OUTPUT 1 "empty";
    .port_info 7 /OUTPUT 1 "full";
P_0000021000f25be0 .param/l "ADDR_BIT" 1 2 21, +C4<00000000000000000000000000000011>;
P_0000021000f25c18 .param/l "DATA_WIDTH" 0 2 3, +C4<00000000000000000000000000001000>;
P_0000021000f25c50 .param/l "DEPTH" 0 2 4, +C4<00000000000000000000000000001000>;
P_0000021000f25c88 .param/l "PTR_WID" 1 2 22, +C4<000000000000000000000000000000100>;
o0000021000f3cfd8 .functor BUFZ 1, C4<z>; HiZ drive
v0000021000f03660_0 .net "clk", 0 0, o0000021000f3cfd8;  0 drivers
o0000021000f3d008 .functor BUFZ 8, C4<zzzzzzzz>; HiZ drive
v0000021000f02eb0_0 .net "din", 7 0, o0000021000f3d008;  0 drivers
v0000021000f02f50_0 .var "dout", 7 0;
v0000021000f02ff0_0 .var "empty", 0 0;
v0000021000f03090 .array "fifo_mem", 7 0, 7 0;
v0000021000f33080_0 .var "full", 0 0;
o0000021000f3d0c8 .functor BUFZ 1, C4<z>; HiZ drive
v0000021000f33120_0 .net "rd_en", 0 0, o0000021000f3d0c8;  0 drivers
v0000021000f331c0_0 .var "rd_ptr", 3 0;
o0000021000f3d128 .functor BUFZ 1, C4<z>; HiZ drive
v0000021000f33260_0 .net "rst_n", 0 0, o0000021000f3d128;  0 drivers
o0000021000f3d158 .functor BUFZ 1, C4<z>; HiZ drive
v0000021000f33300_0 .net "wr_en", 0 0, o0000021000f3d158;  0 drivers
v0000021000f333a0_0 .var "wr_ptr", 3 0;
E_000002107fd8b000 .event anyedge, v0000021000f333a0_0, v0000021000f331c0_0;
E_000002107fd8b940/0 .event negedge, v0000021000f33260_0;
E_000002107fd8b940/1 .event posedge, v0000021000f03660_0;
E_000002107fd8b940 .event/or E_000002107fd8b940/0, E_000002107fd8b940/1;
E_000002107fd8b240 .event posedge, v0000021000f03660_0;
    .scope S_0000021000f02d20;
T_0 ;
    %wait E_000002107fd8b940;
    %load/vec4 v0000021000f33260_0;
    %nor/r;
    %flag_set/vec4 8;
    %jmp/0xz  T_0.0, 8;
    %pushi/vec4 0, 0, 4;
    %assign/vec4 v0000021000f333a0_0, 0;
    %jmp T_0.1;
T_0.0 ;
    %load/vec4 v0000021000f33300_0;
    %flag_set/vec4 9;
    %flag_get/vec4 9;
    %jmp/0 T_0.4, 9;
    %load/vec4 v0000021000f33080_0;
    %nor/r;
    %and;
T_0.4;
    %flag_set/vec4 8;
    %jmp/0xz  T_0.2, 8;
    %load/vec4 v0000021000f333a0_0;
    %addi 1, 0, 4;
    %assign/vec4 v0000021000f333a0_0, 0;
T_0.2 ;
T_0.1 ;
    %jmp T_0;
    .thread T_0;
    .scope S_0000021000f02d20;
T_1 ;
    %wait E_000002107fd8b940;
    %load/vec4 v0000021000f33260_0;
    %nor/r;
    %flag_set/vec4 8;
    %jmp/0xz  T_1.0, 8;
    %pushi/vec4 0, 0, 4;
    %assign/vec4 v0000021000f331c0_0, 0;
    %jmp T_1.1;
T_1.0 ;
    %load/vec4 v0000021000f33120_0;
    %flag_set/vec4 9;
    %flag_get/vec4 9;
    %jmp/0 T_1.4, 9;
    %load/vec4 v0000021000f02ff0_0;
    %nor/r;
    %and;
T_1.4;
    %flag_set/vec4 8;
    %jmp/0xz  T_1.2, 8;
    %load/vec4 v0000021000f331c0_0;
    %addi 1, 0, 4;
    %assign/vec4 v0000021000f331c0_0, 0;
T_1.2 ;
T_1.1 ;
    %jmp T_1;
    .thread T_1;
    .scope S_0000021000f02d20;
T_2 ;
    %wait E_000002107fd8b240;
    %load/vec4 v0000021000f33300_0;
    %flag_set/vec4 9;
    %flag_get/vec4 9;
    %jmp/0 T_2.2, 9;
    %load/vec4 v0000021000f33080_0;
    %nor/r;
    %and;
T_2.2;
    %flag_set/vec4 8;
    %jmp/0xz  T_2.0, 8;
    %load/vec4 v0000021000f02eb0_0;
    %load/vec4 v0000021000f333a0_0;
    %parti/s 3, 0, 2;
    %pad/u 5;
    %ix/vec4 3;
    %ix/load 4, 0, 0; Constant delay
    %assign/vec4/a/d v0000021000f03090, 0, 4;
T_2.0 ;
    %jmp T_2;
    .thread T_2;
    .scope S_0000021000f02d20;
T_3 ;
    %wait E_000002107fd8b940;
    %load/vec4 v0000021000f33260_0;
    %nor/r;
    %flag_set/vec4 8;
    %jmp/0xz  T_3.0, 8;
    %pushi/vec4 0, 0, 8;
    %assign/vec4 v0000021000f02f50_0, 0;
    %jmp T_3.1;
T_3.0 ;
    %load/vec4 v0000021000f33120_0;
    %flag_set/vec4 9;
    %flag_get/vec4 9;
    %jmp/0 T_3.4, 9;
    %load/vec4 v0000021000f02ff0_0;
    %nor/r;
    %and;
T_3.4;
    %flag_set/vec4 8;
    %jmp/0xz  T_3.2, 8;
    %load/vec4 v0000021000f331c0_0;
    %parti/s 3, 0, 2;
    %pad/u 5;
    %ix/vec4 4;
    %load/vec4a v0000021000f03090, 4;
    %assign/vec4 v0000021000f02f50_0, 0;
T_3.2 ;
T_3.1 ;
    %jmp T_3;
    .thread T_3;
    .scope S_0000021000f02d20;
T_4 ;
    %wait E_000002107fd8b000;
    %load/vec4 v0000021000f333a0_0;
    %load/vec4 v0000021000f331c0_0;
    %cmp/e;
    %flag_get/vec4 4;
    %store/vec4 v0000021000f02ff0_0, 0, 1;
    %load/vec4 v0000021000f333a0_0;
    %parti/s 1, 3, 3;
    %load/vec4 v0000021000f331c0_0;
    %parti/s 1, 3, 3;
    %cmp/ne;
    %flag_get/vec4 4;
    %jmp/0 T_4.0, 4;
    %load/vec4 v0000021000f333a0_0;
    %parti/s 3, 0, 2;
    %load/vec4 v0000021000f331c0_0;
    %parti/s 3, 0, 2;
    %cmp/e;
    %flag_get/vec4 4;
    %and;
T_4.0;
    %store/vec4 v0000021000f33080_0, 0, 1;
    %jmp T_4;
    .thread T_4, $push;
# The file index is used to find the file name in the following table.
:file_names 3;
    "N/A";
    "<interactive>";
    "sync_fifo.v";
