#! /c/Source/iverilog-install/bin/vvp
:ivl_version "12.0 (devel)" "(s20150603-1539-g2693dd32b)";
:ivl_delay_selection "TYPICAL";
:vpi_time_precision - 12;
:vpi_module "C:\iverilog\lib\ivl\system.vpi";
:vpi_module "C:\iverilog\lib\ivl\vhdl_sys.vpi";
:vpi_module "C:\iverilog\lib\ivl\vhdl_textio.vpi";
:vpi_module "C:\iverilog\lib\ivl\v2005_math.vpi";
:vpi_module "C:\iverilog\lib\ivl\va_math.vpi";
S_000001327c54cf80 .scope module, "key_filter_tb" "key_filter_tb" 2 3;
 .timescale -9 -12;
P_000001327c569f20 .param/l "CLK_FREQ" 1 2 8, +C4<00000010111110101111000010000000>;
P_000001327c569f58 .param/l "CLK_PERIOD" 1 2 6, +C4<00000000000000000000000000010100>;
P_000001327c569f90 .param/l "DEBOUNCE_MS" 1 2 7, +C4<00000000000000000000000000010100>;
v000001327c5547b0_0 .var "clk", 0 0;
v000001327c522d60_0 .var "key_in", 0 0;
v000001327c522e00_0 .net "key_out", 0 0, v000001327c54d720_0;  1 drivers
v000001327c522ea0_0 .net "key_pressed", 0 0, v000001327c554530_0;  1 drivers
v000001327c5b7f20_0 .var "rst_n", 0 0;
E_000001327c54b390 .event posedge, v000001327c5233b0_0;
S_000001327c54d400 .scope module, "uut" "key_filter" 2 21, 3 1 0, S_000001327c54cf80;
 .timescale -9 -12;
    .port_info 0 /INPUT 1 "clk";
    .port_info 1 /INPUT 1 "rst_n";
    .port_info 2 /INPUT 1 "key_in";
    .port_info 3 /OUTPUT 1 "key_out";
    .port_info 4 /OUTPUT 1 "key_pressed";
P_000001327c54d590 .param/l "CLK_FREQ" 0 3 2, +C4<00000010111110101111000010000000>;
P_000001327c54d5c8 .param/l "DEBOUNCE_MS" 0 3 3, +C4<00000000000000000000000000010100>;
P_000001327c54d600 .param/l "DOWN_FILTER" 1 3 15, C4<01>;
P_000001327c54d638 .param/l "DOWN_STABLE" 1 3 16, C4<10>;
P_000001327c54d670 .param/l "IDLE" 1 3 14, C4<00>;
P_000001327c54d6a8 .param/l "MAX_CNT" 1 3 13, +C4<0000000000000000000000000000000000000000000011110100001001000000>;
P_000001327c54d6e0 .param/l "UP_FILTER" 1 3 17, C4<11>;
v000001327c5233b0_0 .net "clk", 0 0, v000001327c5547b0_0;  1 drivers
v000001327c523520_0 .var "cnt", 31 0;
v000001327b54a660_0 .net "key_in", 0 0, v000001327c522d60_0;  1 drivers
v000001327c54d720_0 .var "key_out", 0 0;
v000001327c554530_0 .var "key_pressed", 0 0;
v000001327c5545d0_0 .var "next_state", 1 0;
v000001327c554670_0 .net "rst_n", 0 0, v000001327c5b7f20_0;  1 drivers
v000001327c554710_0 .var "state", 1 0;
E_000001327c54b7d0/0 .event negedge, v000001327c554670_0;
E_000001327c54b7d0/1 .event posedge, v000001327c5233b0_0;
E_000001327c54b7d0 .event/or E_000001327c54b7d0/0, E_000001327c54b7d0/1;
E_000001327c54be10 .event anyedge, v000001327c554710_0, v000001327b54a660_0, v000001327c523520_0;
    .scope S_000001327c54d400;
T_0 ;
    %wait E_000001327c54b7d0;
    %load/vec4 v000001327c554670_0;
    %nor/r;
    %flag_set/vec4 8;
    %jmp/0xz  T_0.0, 8;
    %pushi/vec4 0, 0, 2;
    %assign/vec4 v000001327c554710_0, 0;
    %jmp T_0.1;
T_0.0 ;
    %load/vec4 v000001327c5545d0_0;
    %assign/vec4 v000001327c554710_0, 0;
T_0.1 ;
    %jmp T_0;
    .thread T_0;
    .scope S_000001327c54d400;
T_1 ;
    %wait E_000001327c54be10;
    %load/vec4 v000001327c554710_0;
    %store/vec4 v000001327c5545d0_0, 0, 2;
    %load/vec4 v000001327c554710_0;
    %dup/vec4;
    %pushi/vec4 0, 0, 2;
    %cmp/u;
    %jmp/1 T_1.0, 6;
    %dup/vec4;
    %pushi/vec4 1, 0, 2;
    %cmp/u;
    %jmp/1 T_1.1, 6;
    %dup/vec4;
    %pushi/vec4 2, 0, 2;
    %cmp/u;
    %jmp/1 T_1.2, 6;
    %dup/vec4;
    %pushi/vec4 3, 0, 2;
    %cmp/u;
    %jmp/1 T_1.3, 6;
    %pushi/vec4 0, 0, 2;
    %store/vec4 v000001327c5545d0_0, 0, 2;
    %jmp T_1.5;
T_1.0 ;
    %load/vec4 v000001327b54a660_0;
    %cmpi/e 0, 0, 1;
    %jmp/0xz  T_1.6, 4;
    %pushi/vec4 1, 0, 2;
    %store/vec4 v000001327c5545d0_0, 0, 2;
    %jmp T_1.7;
T_1.6 ;
    %pushi/vec4 0, 0, 2;
    %store/vec4 v000001327c5545d0_0, 0, 2;
T_1.7 ;
    %jmp T_1.5;
T_1.1 ;
    %load/vec4 v000001327b54a660_0;
    %cmpi/e 1, 0, 1;
    %jmp/0xz  T_1.8, 4;
    %pushi/vec4 0, 0, 2;
    %store/vec4 v000001327c5545d0_0, 0, 2;
    %jmp T_1.9;
T_1.8 ;
    %load/vec4 v000001327c523520_0;
    %pad/u 64;
    %cmpi/e 999999, 0, 64;
    %jmp/0xz  T_1.10, 4;
    %pushi/vec4 2, 0, 2;
    %store/vec4 v000001327c5545d0_0, 0, 2;
    %jmp T_1.11;
T_1.10 ;
    %pushi/vec4 1, 0, 2;
    %store/vec4 v000001327c5545d0_0, 0, 2;
T_1.11 ;
T_1.9 ;
    %jmp T_1.5;
T_1.2 ;
    %load/vec4 v000001327b54a660_0;
    %cmpi/e 1, 0, 1;
    %jmp/0xz  T_1.12, 4;
    %pushi/vec4 3, 0, 2;
    %store/vec4 v000001327c5545d0_0, 0, 2;
    %jmp T_1.13;
T_1.12 ;
    %pushi/vec4 2, 0, 2;
    %store/vec4 v000001327c5545d0_0, 0, 2;
T_1.13 ;
    %jmp T_1.5;
T_1.3 ;
    %load/vec4 v000001327b54a660_0;
    %cmpi/e 0, 0, 1;
    %jmp/0xz  T_1.14, 4;
    %pushi/vec4 2, 0, 2;
    %store/vec4 v000001327c5545d0_0, 0, 2;
    %jmp T_1.15;
T_1.14 ;
    %load/vec4 v000001327c523520_0;
    %pad/u 64;
    %cmpi/e 999999, 0, 64;
    %jmp/0xz  T_1.16, 4;
    %pushi/vec4 0, 0, 2;
    %store/vec4 v000001327c5545d0_0, 0, 2;
    %jmp T_1.17;
T_1.16 ;
    %pushi/vec4 3, 0, 2;
    %store/vec4 v000001327c5545d0_0, 0, 2;
T_1.17 ;
T_1.15 ;
    %jmp T_1.5;
T_1.5 ;
    %pop/vec4 1;
    %jmp T_1;
    .thread T_1, $push;
    .scope S_000001327c54d400;
T_2 ;
    %wait E_000001327c54b7d0;
    %load/vec4 v000001327c554670_0;
    %nor/r;
    %flag_set/vec4 8;
    %jmp/0xz  T_2.0, 8;
    %pushi/vec4 0, 0, 32;
    %assign/vec4 v000001327c523520_0, 0;
    %pushi/vec4 1, 0, 1;
    %assign/vec4 v000001327c54d720_0, 0;
    %pushi/vec4 0, 0, 1;
    %assign/vec4 v000001327c554530_0, 0;
    %jmp T_2.1;
T_2.0 ;
    %pushi/vec4 0, 0, 1;
    %assign/vec4 v000001327c554530_0, 0;
    %load/vec4 v000001327c554710_0;
    %dup/vec4;
    %pushi/vec4 0, 0, 2;
    %cmp/u;
    %jmp/1 T_2.2, 6;
    %dup/vec4;
    %pushi/vec4 1, 0, 2;
    %cmp/u;
    %jmp/1 T_2.3, 6;
    %dup/vec4;
    %pushi/vec4 2, 0, 2;
    %cmp/u;
    %jmp/1 T_2.4, 6;
    %dup/vec4;
    %pushi/vec4 3, 0, 2;
    %cmp/u;
    %jmp/1 T_2.5, 6;
    %pushi/vec4 0, 0, 32;
    %assign/vec4 v000001327c523520_0, 0;
    %pushi/vec4 1, 0, 1;
    %assign/vec4 v000001327c54d720_0, 0;
    %jmp T_2.7;
T_2.2 ;
    %pushi/vec4 0, 0, 32;
    %assign/vec4 v000001327c523520_0, 0;
    %pushi/vec4 1, 0, 1;
    %assign/vec4 v000001327c54d720_0, 0;
    %jmp T_2.7;
T_2.3 ;
    %pushi/vec4 1, 0, 1;
    %assign/vec4 v000001327c54d720_0, 0;
    %load/vec4 v000001327b54a660_0;
    %cmpi/e 1, 0, 1;
    %jmp/0xz  T_2.8, 4;
    %pushi/vec4 0, 0, 32;
    %assign/vec4 v000001327c523520_0, 0;
    %jmp T_2.9;
T_2.8 ;
    %load/vec4 v000001327c523520_0;
    %pad/u 64;
    %cmpi/e 999999, 0, 64;
    %jmp/0xz  T_2.10, 4;
    %pushi/vec4 1, 0, 1;
    %assign/vec4 v000001327c554530_0, 0;
    %pushi/vec4 0, 0, 32;
    %assign/vec4 v000001327c523520_0, 0;
    %jmp T_2.11;
T_2.10 ;
    %load/vec4 v000001327c523520_0;
    %addi 1, 0, 32;
    %assign/vec4 v000001327c523520_0, 0;
T_2.11 ;
T_2.9 ;
    %jmp T_2.7;
T_2.4 ;
    %pushi/vec4 0, 0, 1;
    %assign/vec4 v000001327c54d720_0, 0;
    %pushi/vec4 0, 0, 32;
    %assign/vec4 v000001327c523520_0, 0;
    %jmp T_2.7;
T_2.5 ;
    %pushi/vec4 0, 0, 1;
    %assign/vec4 v000001327c54d720_0, 0;
    %load/vec4 v000001327b54a660_0;
    %cmpi/e 0, 0, 1;
    %jmp/0xz  T_2.12, 4;
    %pushi/vec4 0, 0, 32;
    %assign/vec4 v000001327c523520_0, 0;
    %jmp T_2.13;
T_2.12 ;
    %load/vec4 v000001327c523520_0;
    %pad/u 64;
    %cmpi/e 999999, 0, 64;
    %jmp/0xz  T_2.14, 4;
    %pushi/vec4 0, 0, 32;
    %assign/vec4 v000001327c523520_0, 0;
    %jmp T_2.15;
T_2.14 ;
    %load/vec4 v000001327c523520_0;
    %addi 1, 0, 32;
    %assign/vec4 v000001327c523520_0, 0;
T_2.15 ;
T_2.13 ;
    %jmp T_2.7;
T_2.7 ;
    %pop/vec4 1;
T_2.1 ;
    %jmp T_2;
    .thread T_2;
    .scope S_000001327c54cf80;
T_3 ;
    %delay 10000, 0;
    %load/vec4 v000001327c5547b0_0;
    %inv;
    %store/vec4 v000001327c5547b0_0, 0, 1;
    %jmp T_3;
    .thread T_3;
    .scope S_000001327c54cf80;
T_4 ;
    %pushi/vec4 0, 0, 1;
    %store/vec4 v000001327c5547b0_0, 0, 1;
    %pushi/vec4 0, 0, 1;
    %store/vec4 v000001327c5b7f20_0, 0, 1;
    %pushi/vec4 1, 0, 1;
    %store/vec4 v000001327c522d60_0, 0, 1;
    %delay 100000, 0;
    %pushi/vec4 1, 0, 1;
    %store/vec4 v000001327c5b7f20_0, 0, 1;
    %delay 200000, 0;
    %delay 1000000000, 0;
    %pushi/vec4 0, 0, 1;
    %store/vec4 v000001327c522d60_0, 0, 1;
    %delay 705032704, 1;
    %pushi/vec4 1, 0, 1;
    %store/vec4 v000001327c522d60_0, 0, 1;
    %delay 2000000000, 0;
    %pushi/vec4 0, 0, 1;
    %store/vec4 v000001327c522d60_0, 0, 1;
    %delay 1000000000, 0;
    %pushi/vec4 1, 0, 1;
    %store/vec4 v000001327c522d60_0, 0, 1;
    %delay 3000000000, 0;
    %pushi/vec4 0, 0, 1;
    %store/vec4 v000001327c522d60_0, 0, 1;
    %delay 4230196224, 6;
    %pushi/vec4 1, 0, 1;
    %store/vec4 v000001327c522d60_0, 0, 1;
    %delay 4000000000, 0;
    %pushi/vec4 0, 0, 1;
    %store/vec4 v000001327c522d60_0, 0, 1;
    %delay 2000000000, 0;
    %pushi/vec4 1, 0, 1;
    %store/vec4 v000001327c522d60_0, 0, 1;
    %delay 3000000000, 0;
    %pushi/vec4 0, 0, 1;
    %store/vec4 v000001327c522d60_0, 0, 1;
    %delay 1000000000, 0;
    %pushi/vec4 1, 0, 1;
    %store/vec4 v000001327c522d60_0, 0, 1;
    %delay 4230196224, 6;
    %delay 1000000000, 0;
    %pushi/vec4 0, 0, 1;
    %store/vec4 v000001327c522d60_0, 0, 1;
    %delay 1410065408, 2;
    %pushi/vec4 1, 0, 1;
    %store/vec4 v000001327c522d60_0, 0, 1;
    %delay 705032704, 1;
    %pushi/vec4 0, 0, 1;
    %store/vec4 v000001327c522d60_0, 0, 1;
    %delay 4230196224, 6;
    %pushi/vec4 1, 0, 1;
    %store/vec4 v000001327c522d60_0, 0, 1;
    %delay 2820130816, 4;
    %vpi_call 2 89 "$display", "Simulation finished." {0 0 0};
    %vpi_call 2 90 "$finish" {0 0 0};
    %end;
    .thread T_4;
    .scope S_000001327c54cf80;
T_5 ;
    %wait E_000001327c54b390;
    %load/vec4 v000001327c522ea0_0;
    %flag_set/vec4 8;
    %jmp/0xz  T_5.0, 8;
    %vpi_call 2 97 "$display", "[%t] key_pressed = 1, key_out = %b", $time, v000001327c522e00_0 {0 0 0};
T_5.0 ;
    %load/vec4 v000001327c522e00_0;
    %load/vec4 v000001327c54d720_0;
    %cmp/ne;
    %jmp/0xz  T_5.2, 6;
T_5.2 ;
    %jmp T_5;
    .thread T_5;
# The file index is used to find the file name in the following table.
:file_names 4;
    "N/A";
    "<interactive>";
    "key_filter_tb.v";
    "./key_filter.v";
