#! /c/Source/iverilog-install/bin/vvp
:ivl_version "12.0 (devel)" "(s20150603-1539-g2693dd32b)";
:ivl_delay_selection "TYPICAL";
:vpi_time_precision - 9;
:vpi_module "C:\iverilog\lib\ivl\system.vpi";
:vpi_module "C:\iverilog\lib\ivl\vhdl_sys.vpi";
:vpi_module "C:\iverilog\lib\ivl\vhdl_textio.vpi";
:vpi_module "C:\iverilog\lib\ivl\v2005_math.vpi";
:vpi_module "C:\iverilog\lib\ivl\va_math.vpi";
S_000001f200f18f40 .scope module, "Counter1_tb" "Counter1_tb" 2 3;
 .timescale -9 -9;
v000001f200f19300_0 .var "clk", 0 0;
v000001f200f135b0_0 .net "en", 0 0, v000001f200ec64e0_0;  1 drivers
v000001f200f13650_0 .net "hundredsPlace", 4 0, v000001f200ec6980_0;  1 drivers
v000001f200f136f0_0 .net "onesPlace", 4 0, v000001f200ecbca0_0;  1 drivers
v000001f200f13790_0 .var "rstn", 0 0;
v000001f200f13830_0 .net "tensPlace", 4 0, v000001f200f19260_0;  1 drivers
S_000001f200f190d0 .scope module, "dut" "Counter1" 2 11, 3 1 0, S_000001f200f18f40;
 .timescale -9 -9;
    .port_info 0 /INPUT 1 "clk";
    .port_info 1 /INPUT 1 "rstn";
    .port_info 2 /OUTPUT 5 "onesPlace";
    .port_info 3 /OUTPUT 5 "tensPlace";
    .port_info 4 /OUTPUT 5 "hundredsPlace";
    .port_info 5 /OUTPUT 1 "en";
v000001f200ec6760_0 .net "clk", 0 0, v000001f200f19300_0;  1 drivers
v000001f200ec64e0_0 .var "en", 0 0;
v000001f200ec6980_0 .var "hundredsPlace", 4 0;
v000001f200ecbca0_0 .var "onesPlace", 4 0;
v000001f200ecbd40_0 .net "rstn", 0 0, v000001f200f13790_0;  1 drivers
v000001f200f19260_0 .var "tensPlace", 4 0;
E_000001f200ecb8e0/0 .event negedge, v000001f200ecbd40_0;
E_000001f200ecb8e0/1 .event posedge, v000001f200ec6760_0;
E_000001f200ecb8e0 .event/or E_000001f200ecb8e0/0, E_000001f200ecb8e0/1;
    .scope S_000001f200f190d0;
T_0 ;
    %wait E_000001f200ecb8e0;
    %load/vec4 v000001f200ecbd40_0;
    %pad/u 32;
    %cmpi/e 0, 0, 32;
    %jmp/0xz  T_0.0, 4;
    %pushi/vec4 0, 0, 5;
    %assign/vec4 v000001f200ecbca0_0, 0;
    %jmp T_0.1;
T_0.0 ;
    %load/vec4 v000001f200ecbca0_0;
    %pad/u 32;
    %cmpi/e 9, 0, 32;
    %jmp/0xz  T_0.2, 4;
    %pushi/vec4 0, 0, 5;
    %assign/vec4 v000001f200ecbca0_0, 0;
    %load/vec4 v000001f200f19260_0;
    %addi 1, 0, 5;
    %assign/vec4 v000001f200f19260_0, 0;
    %jmp T_0.3;
T_0.2 ;
    %load/vec4 v000001f200ecbca0_0;
    %addi 1, 0, 5;
    %assign/vec4 v000001f200ecbca0_0, 0;
T_0.3 ;
T_0.1 ;
    %jmp T_0;
    .thread T_0;
    .scope S_000001f200f190d0;
T_1 ;
    %wait E_000001f200ecb8e0;
    %load/vec4 v000001f200ecbd40_0;
    %pad/u 32;
    %cmpi/e 0, 0, 32;
    %jmp/0xz  T_1.0, 4;
    %pushi/vec4 0, 0, 5;
    %assign/vec4 v000001f200f19260_0, 0;
    %pushi/vec4 0, 0, 5;
    %assign/vec4 v000001f200ec6980_0, 0;
    %jmp T_1.1;
T_1.0 ;
    %load/vec4 v000001f200f19260_0;
    %cmpi/e 9, 0, 5;
    %flag_get/vec4 4;
    %jmp/0 T_1.4, 4;
    %load/vec4 v000001f200ecbca0_0;
    %pushi/vec4 9, 0, 5;
    %cmp/e;
    %flag_get/vec4 4;
    %and;
T_1.4;
    %flag_set/vec4 8;
    %jmp/0xz  T_1.2, 8;
    %pushi/vec4 0, 0, 5;
    %assign/vec4 v000001f200f19260_0, 0;
    %load/vec4 v000001f200ec6980_0;
    %addi 1, 0, 5;
    %assign/vec4 v000001f200ec6980_0, 0;
    %jmp T_1.3;
T_1.2 ;
    %load/vec4 v000001f200f19260_0;
    %assign/vec4 v000001f200f19260_0, 0;
T_1.3 ;
T_1.1 ;
    %jmp T_1;
    .thread T_1;
    .scope S_000001f200f190d0;
T_2 ;
    %wait E_000001f200ecb8e0;
    %load/vec4 v000001f200ecbd40_0;
    %pad/u 32;
    %cmpi/e 0, 0, 32;
    %jmp/0xz  T_2.0, 4;
    %pushi/vec4 0, 0, 1;
    %assign/vec4 v000001f200ec64e0_0, 0;
    %jmp T_2.1;
T_2.0 ;
    %load/vec4 v000001f200f19260_0;
    %cmpi/e 9, 0, 5;
    %flag_get/vec4 4;
    %jmp/0 T_2.5, 4;
    %load/vec4 v000001f200ecbca0_0;
    %pushi/vec4 9, 0, 5;
    %cmp/e;
    %flag_get/vec4 4;
    %and;
T_2.5;
    %flag_set/vec4 9;
    %flag_get/vec4 9;
    %jmp/0 T_2.4, 9;
    %load/vec4 v000001f200ec6980_0;
    %pushi/vec4 9, 0, 5;
    %cmp/e;
    %flag_get/vec4 4;
    %and;
T_2.4;
    %flag_set/vec4 8;
    %jmp/0xz  T_2.2, 8;
    %pushi/vec4 1, 0, 1;
    %assign/vec4 v000001f200ec64e0_0, 0;
    %jmp T_2.3;
T_2.2 ;
    %pushi/vec4 0, 0, 1;
    %assign/vec4 v000001f200ec64e0_0, 0;
T_2.3 ;
T_2.1 ;
    %jmp T_2;
    .thread T_2;
    .scope S_000001f200f18f40;
T_3 ;
    %delay 5, 0;
    %load/vec4 v000001f200f19300_0;
    %assign/vec4 v000001f200f19300_0, 0;
    %jmp T_3;
    .thread T_3;
    .scope S_000001f200f18f40;
T_4 ;
    %pushi/vec4 0, 0, 1;
    %store/vec4 v000001f200f19300_0, 0, 1;
    %pushi/vec4 0, 0, 1;
    %store/vec4 v000001f200f13790_0, 0, 1;
    %delay 10, 0;
    %pushi/vec4 1, 0, 1;
    %store/vec4 v000001f200f13790_0, 0, 1;
    %delay 100000, 0;
    %vpi_call 2 21 "$finish" {0 0 0};
    %end;
    .thread T_4;
# The file index is used to find the file name in the following table.
:file_names 4;
    "N/A";
    "<interactive>";
    "Counter1_tb.v";
    "./Counter1.v";
