#! /c/Source/iverilog-install/bin/vvp
:ivl_version "12.0 (devel)" "(s20150603-1539-g2693dd32b)";
:ivl_delay_selection "TYPICAL";
:vpi_time_precision + 0;
:vpi_module "C:\iverilog\lib\ivl\system.vpi";
:vpi_module "C:\iverilog\lib\ivl\vhdl_sys.vpi";
:vpi_module "C:\iverilog\lib\ivl\vhdl_textio.vpi";
:vpi_module "C:\iverilog\lib\ivl\v2005_math.vpi";
:vpi_module "C:\iverilog\lib\ivl\va_math.vpi";
S_0000025ecdaeabc0 .scope module, "Counter1" "Counter1" 2 1;
 .timescale 0 0;
    .port_info 0 /INPUT 1 "clk";
    .port_info 1 /INPUT 1 "rstn";
    .port_info 2 /OUTPUT 5 "onesPlace";
    .port_info 3 /OUTPUT 5 "tensPlace";
    .port_info 4 /OUTPUT 5 "hundredsPlace";
    .port_info 5 /OUTPUT 1 "en";
o0000025ecdbaaef8 .functor BUFZ 1, C4<z>; HiZ drive
v0000025ecdae6700_0 .net "clk", 0 0, o0000025ecdbaaef8;  0 drivers
v0000025ecdae64a0_0 .var "en", 0 0;
v0000025ecdae6920_0 .var "hundredsPlace", 4 0;
v0000025ecdaead50_0 .var "onesPlace", 4 0;
o0000025ecdbaafb8 .functor BUFZ 1, C4<z>; HiZ drive
v0000025ecdaeadf0_0 .net "rstn", 0 0, o0000025ecdbaafb8;  0 drivers
v0000025ecdaeb870_0 .var "tensPlace", 4 0;
E_0000025ecdbaa9b0/0 .event negedge, v0000025ecdaeadf0_0;
E_0000025ecdbaa9b0/1 .event posedge, v0000025ecdae6700_0;
E_0000025ecdbaa9b0 .event/or E_0000025ecdbaa9b0/0, E_0000025ecdbaa9b0/1;
    .scope S_0000025ecdaeabc0;
T_0 ;
    %wait E_0000025ecdbaa9b0;
    %load/vec4 v0000025ecdaeadf0_0;
    %pad/u 32;
    %cmpi/e 0, 0, 32;
    %jmp/0xz  T_0.0, 4;
    %pushi/vec4 0, 0, 5;
    %assign/vec4 v0000025ecdaead50_0, 0;
    %jmp T_0.1;
T_0.0 ;
    %load/vec4 v0000025ecdaead50_0;
    %pad/u 32;
    %cmpi/e 9, 0, 32;
    %jmp/0xz  T_0.2, 4;
    %pushi/vec4 0, 0, 5;
    %assign/vec4 v0000025ecdaead50_0, 0;
    %jmp T_0.3;
T_0.2 ;
    %load/vec4 v0000025ecdaead50_0;
    %addi 1, 0, 5;
    %assign/vec4 v0000025ecdaead50_0, 0;
T_0.3 ;
T_0.1 ;
    %jmp T_0;
    .thread T_0;
    .scope S_0000025ecdaeabc0;
T_1 ;
    %wait E_0000025ecdbaa9b0;
    %load/vec4 v0000025ecdaeadf0_0;
    %pad/u 32;
    %cmpi/e 0, 0, 32;
    %jmp/0xz  T_1.0, 4;
    %pushi/vec4 0, 0, 5;
    %assign/vec4 v0000025ecdaeb870_0, 0;
    %jmp T_1.1;
T_1.0 ;
    %load/vec4 v0000025ecdaead50_0;
    %cmpi/e 9, 0, 5;
    %jmp/0xz  T_1.2, 4;
    %pushi/vec4 0, 0, 5;
    %assign/vec4 v0000025ecdaeb870_0, 0;
    %load/vec4 v0000025ecdaeb870_0;
    %addi 1, 0, 5;
    %assign/vec4 v0000025ecdaeb870_0, 0;
    %jmp T_1.3;
T_1.2 ;
    %load/vec4 v0000025ecdaeb870_0;
    %assign/vec4 v0000025ecdaeb870_0, 0;
T_1.3 ;
T_1.1 ;
    %jmp T_1;
    .thread T_1;
    .scope S_0000025ecdaeabc0;
T_2 ;
    %wait E_0000025ecdbaa9b0;
    %load/vec4 v0000025ecdaeadf0_0;
    %pad/u 32;
    %cmpi/e 0, 0, 32;
    %jmp/0xz  T_2.0, 4;
    %pushi/vec4 0, 0, 5;
    %assign/vec4 v0000025ecdae6920_0, 0;
    %jmp T_2.1;
T_2.0 ;
    %load/vec4 v0000025ecdaeb870_0;
    %cmpi/e 9, 0, 5;
    %flag_get/vec4 4;
    %jmp/0 T_2.4, 4;
    %load/vec4 v0000025ecdaead50_0;
    %pushi/vec4 9, 0, 5;
    %cmp/e;
    %flag_get/vec4 4;
    %and;
T_2.4;
    %flag_set/vec4 8;
    %jmp/0xz  T_2.2, 8;
    %load/vec4 v0000025ecdae6920_0;
    %addi 1, 0, 5;
    %assign/vec4 v0000025ecdae6920_0, 0;
    %jmp T_2.3;
T_2.2 ;
    %load/vec4 v0000025ecdae6920_0;
    %assign/vec4 v0000025ecdae6920_0, 0;
T_2.3 ;
T_2.1 ;
    %jmp T_2;
    .thread T_2;
    .scope S_0000025ecdaeabc0;
T_3 ;
    %wait E_0000025ecdbaa9b0;
    %load/vec4 v0000025ecdaeadf0_0;
    %pad/u 32;
    %cmpi/e 0, 0, 32;
    %jmp/0xz  T_3.0, 4;
    %pushi/vec4 0, 0, 1;
    %assign/vec4 v0000025ecdae64a0_0, 0;
    %jmp T_3.1;
T_3.0 ;
    %load/vec4 v0000025ecdaeb870_0;
    %cmpi/e 9, 0, 5;
    %flag_get/vec4 4;
    %jmp/0 T_3.5, 4;
    %load/vec4 v0000025ecdaead50_0;
    %pushi/vec4 9, 0, 5;
    %cmp/e;
    %flag_get/vec4 4;
    %and;
T_3.5;
    %flag_set/vec4 9;
    %flag_get/vec4 9;
    %jmp/0 T_3.4, 9;
    %load/vec4 v0000025ecdae6920_0;
    %pushi/vec4 9, 0, 5;
    %cmp/e;
    %flag_get/vec4 4;
    %and;
T_3.4;
    %flag_set/vec4 8;
    %jmp/0xz  T_3.2, 8;
    %pushi/vec4 0, 0, 5;
    %assign/vec4 v0000025ecdae6920_0, 0;
    %pushi/vec4 1, 0, 1;
    %assign/vec4 v0000025ecdae64a0_0, 0;
    %jmp T_3.3;
T_3.2 ;
    %load/vec4 v0000025ecdae64a0_0;
    %assign/vec4 v0000025ecdae64a0_0, 0;
T_3.3 ;
T_3.1 ;
    %jmp T_3;
    .thread T_3;
# The file index is used to find the file name in the following table.
:file_names 3;
    "N/A";
    "<interactive>";
    "Counter1.v";
