Synthesis Analysis & Elaboration Stage Report for top_lcd_st7789
Sun Sep  6 00:44:43 2026
Quartus Prime Version 25.1.1 Build 125 07/31/2025 Patches 1.03 SC Pro Edition


---------------------
; Table of Contents ;
---------------------
  1. Legal Notice
  2. Top Causes of Logic Optimized Away During Sweep
  3. Analysis & Elaboration Messages



----------------
; Legal Notice ;
----------------
Copyright (C) 2025  Altera Corporation. All rights reserved.
Your use of Altera Corporation's design tools, logic functions 
and other software and tools, and any partner logic 
functions, and any output files from any of the foregoing 
(including device programming or simulation files), and any 
associated documentation or information are expressly subject 
to the terms and conditions of the Altera Program License 
Subscription Agreement, the Altera Quartus Prime License Agreement,
the Altera IP License Agreement, or other applicable license
agreement, including, without limitation, that your use is for
the sole purpose of programming logic devices manufactured by
Altera and sold by Altera or its authorized distributors.  Please
refer to the Altera Software License Subscription Agreements 
on the Quartus Prime software download page.



Top root causes of logic optimization that have been identified during sweep. For more details and filtering options, ensure that you have compiled with the "Enable RTL Analysis Debug Mode " setting turned on under Assignments->Settings->Compiler Settings, then go to the " Root Causes Tab " in the " Sweep Hints Viewer " tool in the " RTL Analyzer ".
+--------------------------------------------------------------------------------------------------------------+
; Top Causes of Logic Optimized Away During Sweep                                                              ;
+------------------+------------------+--------------------------------------------------+---------------------+
; Root Object Path ; Root Object Type ; Root Reason                                      ; Swept Objects Count ;
+------------------+------------------+--------------------------------------------------+---------------------+
; delay_done       ; COMB (NOT)       ; wired through input !a[0] due to inverter        ; 0                   ;
; i89              ; MUX21            ; modified: replaced duplicate inputs by constants ; 0                   ;
+------------------+------------------+--------------------------------------------------+---------------------+


+---------------------------------+
; Analysis & Elaboration Messages ;
+---------------------------------+
Info: *******************************************************************
Info: Running Quartus Prime Synthesis
    Info: Version 25.1.1 Build 125 07/31/2025 Patches 1.03 SC Pro Edition
    Info: Processing started: Sun Sep  6 00:44:37 2026
    Info: System process ID: 14532
Info: Command: quartus_syn --read_settings_files=on --write_settings_files=off top_lcd_st7789 -c top_lcd_st7789
Info: Using INI file c:/altera_pro/25.1.1/quartus/bin64/quartus.ini
Info: qis_default_flow_script.tcl version: #1
Info: Initializing Synthesis...
Info: Project = "top_lcd_st7789"
Info: Revision = "top_lcd_st7789"
Info (21958): Initialized Quartus Message Database
Info: Analyzing source files
Warning (24460): Verilog HDL warning at top_lcd_st7789.v(308): select on function call violates IEEE 1800 syntax File: C:/Users/wqshj/Desktop/FPGA_Pro/My_Verilog/learn/LCD1/top_lcd_st7789.v Line: 308
Warning (24460): Verilog HDL warning at top_lcd_st7789.v(311): select on function call violates IEEE 1800 syntax File: C:/Users/wqshj/Desktop/FPGA_Pro/My_Verilog/learn/LCD1/top_lcd_st7789.v Line: 311
Warning (24460): Verilog HDL warning at top_lcd_st7789.v(318): select on function call violates IEEE 1800 syntax File: C:/Users/wqshj/Desktop/FPGA_Pro/My_Verilog/learn/LCD1/top_lcd_st7789.v Line: 318
Warning (24460): Verilog HDL warning at top_lcd_st7789.v(319): select on function call violates IEEE 1800 syntax File: C:/Users/wqshj/Desktop/FPGA_Pro/My_Verilog/learn/LCD1/top_lcd_st7789.v Line: 319
Warning (24460): Verilog HDL warning at top_lcd_st7789.v(335): select on function call violates IEEE 1800 syntax File: C:/Users/wqshj/Desktop/FPGA_Pro/My_Verilog/learn/LCD1/top_lcd_st7789.v Line: 335
Warning (24460): Verilog HDL warning at top_lcd_st7789.v(336): select on function call violates IEEE 1800 syntax File: C:/Users/wqshj/Desktop/FPGA_Pro/My_Verilog/learn/LCD1/top_lcd_st7789.v Line: 336
Warning (16749): Verilog HDL warning at top_lcd_st7789.v(43): identifier spi_state is used before its declaration File: C:/Users/wqshj/Desktop/FPGA_Pro/My_Verilog/learn/LCD1/top_lcd_st7789.v Line: 43
Critical Warning (20759): Use the Reset Release IP in Intel Agilex 5 FPGA designs to ensure a successful configuration. For more information about the Reset Release IP, refer to the Configuration User Guide.
Info: Elaborating from top-level entity "top_lcd_st7789"
Info: Found 6 design entities
Info: There are 1 partitions after elaboration.
Info: Running rule checking for Agilex5 protocol IPs...
Info: DA report generation in native DNI mode
Info (21615): Running Design Assistant Rules for snapshot 'partitioned'
Info: No waiver waived any violations
Info (22360): Design Assistant Results: 28 of 29 enabled rules passed, and 1 rules was disabled, in snapshot 'partitioned'
Info (21660): Design Assistant Results: 0 of 19 Critical severity rules issued violations in snapshot 'partitioned'
Warning (21620): Design Assistant Results: 1 of 1 High severity rules issued violations in snapshot 'partitioned'. Please refer to DRC report 'C:/Users/wqshj/Desktop/FPGA_Pro/My_Verilog/learn/LCD1/output_files/top_lcd_st7789.drc.partitioned.rpt' for more information
Info (21621): Design Assistant Results: 0 of 1 Medium severity rules issued violations in snapshot 'partitioned'
Info (21622): Design Assistant Results: 0 of 8 Low severity rules issued violations in snapshot 'partitioned'


