Flow report for top_lcd_st7789
Sun Sep  6 00:47:19 2026
Quartus Prime Version 25.1.1 Build 125 07/31/2025 Patches 1.03 SC Pro Edition


---------------------
; Table of Contents ;
---------------------
  1. Flow Summary
  2. Flow Settings
  3. Flow Non-Default Global Settings
  4. Flow Elapsed Time
  5. Flow OS Summary
  6. Flow Log
  7. Legal Notice



+-------------------------------------------------------------------------------------------+
; Flow Summary                                                                              ;
+---------------------------------+---------------------------------------------------------+
; Flow Status                     ; Successful - Sun Sep  6 00:47:18 2026                   ;
; Quartus Prime Version           ; 25.1.1 Build 125 07/31/2025 Patches 1.03 SC Pro Edition ;
; Revision Name                   ; top_lcd_st7789                                          ;
; Top-level Entity Name           ; top_lcd_st7789                                          ;
; Family                          ; Agilex 5                                                ;
; Device                          ; A5EB013BB23BE4SR1                                       ;
; Timing Models                   ; Preliminary                                             ;
; Power Models                    ; Preliminary                                             ;
; Device Status                   ; Preliminary                                             ;
; Logic utilization (in ALMs)     ; 155 / 46,800 ( < 1 % )                                  ;
; Total dedicated logic registers ; 216                                                     ;
; Total pins                      ; 8 / 351 ( 2 % )                                         ;
; Total block memory bits         ; 0 / 7,331,840 ( 0 % )                                   ;
; Total RAM Blocks                ; 0 / 358 ( 0 % )                                         ;
; Total DSP Blocks                ; 0 / 188 ( 0 % )                                         ;
; Total HSSI HPS                  ; 0 / 1 ( 0 % )                                           ;
; Total PLLs                      ; 0 / 11 ( 0 % )                                          ;
+---------------------------------+---------------------------------------------------------+


+-----------------------------------------+
; Flow Settings                           ;
+-------------------+---------------------+
; Option            ; Setting             ;
+-------------------+---------------------+
; Start date & time ; 09/06/2026 00:44:40 ;
; Main task         ; Compilation         ;
; Revision Name     ; top_lcd_st7789      ;
+-------------------+---------------------+


+----------------------------------------------------------------------------------------------------------------------------------------------+
; Flow Non-Default Global Settings                                                                                                             ;
+--------------------------+--------------------------------------------------------------------+---------------+-------------+----------------+
; Assignment Name          ; Value                                                              ; Default Value ; Entity Name ; Section Id     ;
+--------------------------+--------------------------------------------------------------------+---------------+-------------+----------------+
; COMPILER_SIGNATURE_ID    ; 275033068028243.178862668014532                                    ; --            ; --          ; --             ;
; EDA_OUTPUT_DATA_FORMAT   ; Verilog Hdl                                                        ; --            ; --          ; eda_simulation ;
; EDA_TIME_SCALE           ; 1 ps                                                               ; --            ; --          ; eda_simulation ;
; MAX_CORE_JUNCTION_TEMP   ; 100                                                                ; --            ; --          ; --             ;
; MIN_CORE_JUNCTION_TEMP   ; 0                                                                  ; --            ; --          ; --             ;
; PROJECT_OUTPUT_DIRECTORY ; C:/Users/wqshj/Desktop/FPGA_Pro/My_Verilog/learn/LCD1/output_files ; --            ; --          ; --             ;
+--------------------------+--------------------------------------------------------------------+---------------+-------------+----------------+


+------------------------------------------------------+
; Flow Elapsed Time                                    ;
+-----------------+--------------+---------------------+
; Module Name     ; Elapsed Time ; Peak Virtual Memory ;
+-----------------+--------------+---------------------+
; Synthesis       ; 00:00:12     ; 789 MB              ;
; Fitter          ; 00:01:57     ; 5263 MB             ;
; Timing Analyzer ; 00:00:10     ; 895 MB              ;
; Assembler       ; 00:00:17     ; 2747 MB             ;
; Total           ; 00:02:36     ; --                  ;
+-----------------+--------------+---------------------+


+-------------------------------------------------------------------------------+
; Flow OS Summary                                                               ;
+-----------------+------------------+------------+------------+----------------+
; Module Name     ; Machine Hostname ; OS Name    ; OS Version ; Processor type ;
+-----------------+------------------+------------+------------+----------------+
; Synthesis       ; DESKTOP-M6HK23T  ; Windows 11 ; 10.0.26200 ; x86_64         ;
; Fitter          ; DESKTOP-M6HK23T  ; Windows 11 ; 10.0.26200 ; x86_64         ;
; Timing Analyzer ; DESKTOP-M6HK23T  ; Windows 11 ; 10.0.26200 ; x86_64         ;
; Assembler       ; DESKTOP-M6HK23T  ; Windows 11 ; 10.0.26200 ; x86_64         ;
+-----------------+------------------+------------+------------+----------------+


------------
; Flow Log ;
------------
quartus_syn --read_settings_files=on --write_settings_files=off top_lcd_st7789 -c top_lcd_st7789
quartus_fit --read_settings_files=on --write_settings_files=off top_lcd_st7789 -c top_lcd_st7789
quartus_sta top_lcd_st7789 -c top_lcd_st7789 --mode=finalize
quartus_asm --read_settings_files=on --write_settings_files=off top_lcd_st7789 -c top_lcd_st7789



----------------
; Legal Notice ;
----------------
Copyright (C) 2025  Altera Corporation. All rights reserved.
Your use of Altera Corporation's design tools, logic functions 
and other software and tools, and any partner logic 
functions, and any output files from any of the foregoing 
(including device programming or simulation files), and any 
associated documentation or information are expressly subject 
to the terms and conditions of the Altera Program License 
Subscription Agreement, the Altera Quartus Prime License Agreement,
the Altera IP License Agreement, or other applicable license
agreement, including, without limitation, that your use is for
the sole purpose of programming logic devices manufactured by
Altera and sold by Altera or its authorized distributors.  Please
refer to the Altera Software License Subscription Agreements 
on the Quartus Prime software download page.



