#! /c/Source/iverilog-install/bin/vvp
:ivl_version "12.0 (devel)" "(s20150603-1539-g2693dd32b)";
:ivl_delay_selection "TYPICAL";
:vpi_time_precision - 8;
:vpi_module "C:\iverilog\lib\ivl\system.vpi";
:vpi_module "C:\iverilog\lib\ivl\vhdl_sys.vpi";
:vpi_module "C:\iverilog\lib\ivl\vhdl_textio.vpi";
:vpi_module "C:\iverilog\lib\ivl\v2005_math.vpi";
:vpi_module "C:\iverilog\lib\ivl\va_math.vpi";
S_00000209f0982d20 .scope module, "Three_To_Eight_Decoder_tb" "Three_To_Eight_Decoder_tb" 2 3;
 .timescale -8 -8;
v00000209f09830e0_0 .var "a", 2 0;
v00000209ee49cf20_0 .net "y", 7 0, v00000209f0983040_0;  1 drivers
S_00000209f0982eb0 .scope module, "dut" "Three_To_Eight_Decoder" 2 7, 3 1 0, S_00000209f0982d20;
 .timescale -8 -8;
    .port_info 0 /INPUT 3 "in";
    .port_info 1 /OUTPUT 8 "out";
v00000209f09b9e80_0 .net "in", 2 0, v00000209f09830e0_0;  1 drivers
v00000209f0983040_0 .var "out", 7 0;
E_00000209ee49b9d0 .event anyedge, v00000209f09b9e80_0;
    .scope S_00000209f0982eb0;
T_0 ;
    %wait E_00000209ee49b9d0;
    %load/vec4 v00000209f09b9e80_0;
    %dup/vec4;
    %pushi/vec4 0, 0, 3;
    %cmp/u;
    %jmp/1 T_0.0, 6;
    %dup/vec4;
    %pushi/vec4 1, 0, 3;
    %cmp/u;
    %jmp/1 T_0.1, 6;
    %dup/vec4;
    %pushi/vec4 2, 0, 3;
    %cmp/u;
    %jmp/1 T_0.2, 6;
    %dup/vec4;
    %pushi/vec4 3, 0, 3;
    %cmp/u;
    %jmp/1 T_0.3, 6;
    %dup/vec4;
    %pushi/vec4 4, 0, 3;
    %cmp/u;
    %jmp/1 T_0.4, 6;
    %dup/vec4;
    %pushi/vec4 5, 0, 3;
    %cmp/u;
    %jmp/1 T_0.5, 6;
    %dup/vec4;
    %pushi/vec4 6, 0, 3;
    %cmp/u;
    %jmp/1 T_0.6, 6;
    %dup/vec4;
    %pushi/vec4 7, 0, 3;
    %cmp/u;
    %jmp/1 T_0.7, 6;
    %jmp T_0.8;
T_0.0 ;
    %pushi/vec4 0, 0, 8;
    %store/vec4 v00000209f0983040_0, 0, 8;
    %jmp T_0.8;
T_0.1 ;
    %pushi/vec4 1, 0, 8;
    %store/vec4 v00000209f0983040_0, 0, 8;
    %jmp T_0.8;
T_0.2 ;
    %pushi/vec4 2, 0, 8;
    %store/vec4 v00000209f0983040_0, 0, 8;
    %jmp T_0.8;
T_0.3 ;
    %pushi/vec4 4, 0, 8;
    %store/vec4 v00000209f0983040_0, 0, 8;
    %jmp T_0.8;
T_0.4 ;
    %pushi/vec4 8, 0, 8;
    %store/vec4 v00000209f0983040_0, 0, 8;
    %jmp T_0.8;
T_0.5 ;
    %pushi/vec4 16, 0, 8;
    %store/vec4 v00000209f0983040_0, 0, 8;
    %jmp T_0.8;
T_0.6 ;
    %pushi/vec4 32, 0, 8;
    %store/vec4 v00000209f0983040_0, 0, 8;
    %jmp T_0.8;
T_0.7 ;
    %pushi/vec4 64, 0, 8;
    %store/vec4 v00000209f0983040_0, 0, 8;
    %jmp T_0.8;
T_0.8 ;
    %pop/vec4 1;
    %jmp T_0;
    .thread T_0, $push;
    .scope S_00000209f0982d20;
T_1 ;
    %pushi/vec4 0, 0, 3;
    %store/vec4 v00000209f09830e0_0, 0, 3;
    %delay 10, 0;
    %pushi/vec4 1, 0, 3;
    %store/vec4 v00000209f09830e0_0, 0, 3;
    %delay 10, 0;
    %pushi/vec4 2, 0, 3;
    %store/vec4 v00000209f09830e0_0, 0, 3;
    %delay 10, 0;
    %pushi/vec4 3, 0, 3;
    %store/vec4 v00000209f09830e0_0, 0, 3;
    %delay 10, 0;
    %pushi/vec4 4, 0, 3;
    %store/vec4 v00000209f09830e0_0, 0, 3;
    %delay 10, 0;
    %pushi/vec4 5, 0, 3;
    %store/vec4 v00000209f09830e0_0, 0, 3;
    %delay 10, 0;
    %pushi/vec4 6, 0, 3;
    %store/vec4 v00000209f09830e0_0, 0, 3;
    %delay 10, 0;
    %pushi/vec4 7, 0, 3;
    %store/vec4 v00000209f09830e0_0, 0, 3;
    %delay 10, 0;
    %vpi_call 2 17 "$finish" {0 0 0};
    %end;
    .thread T_1;
# The file index is used to find the file name in the following table.
:file_names 4;
    "N/A";
    "<interactive>";
    "Three_To_Eight_Decoder_tb.v";
    "./Three_To_Eight_Decoder.v";
