#! /c/Source/iverilog-install/bin/vvp
:ivl_version "12.0 (devel)" "(s20150603-1539-g2693dd32b)";
:ivl_delay_selection "TYPICAL";
:vpi_time_precision + 0;
:vpi_module "C:\iverilog\lib\ivl\system.vpi";
:vpi_module "C:\iverilog\lib\ivl\vhdl_sys.vpi";
:vpi_module "C:\iverilog\lib\ivl\vhdl_textio.vpi";
:vpi_module "C:\iverilog\lib\ivl\v2005_math.vpi";
:vpi_module "C:\iverilog\lib\ivl\va_math.vpi";
S_000001ad23cac760 .scope module, "uart_sender" "uart_sender" 2 1;
 .timescale 0 0;
    .port_info 0 /INPUT 1 "clk";
    .port_info 1 /INPUT 1 "reset";
    .port_info 2 /INPUT 10 "tx_data";
    .port_info 3 /INPUT 1 "en_sig";
    .port_info 4 /OUTPUT 1 "tx_done";
    .port_info 5 /OUTPUT 1 "tx";
P_000001ad23cacb20 .param/l "IDLE" 0 2 17, C4<0001>;
P_000001ad23cacb58 .param/l "START" 0 2 18, C4<0010>;
P_000001ad23cacb90 .param/l "STOP" 0 2 19, C4<1000>;
P_000001ad23cacbc8 .param/l "baudrate" 0 2 9, +C4<00000000000000000010010110000000>;
P_000001ad23cacc00 .param/l "clk_div" 0 2 11, +C4<00000000000000000001010001011000>;
P_000001ad23cacc38 .param/l "clk_freq" 0 2 10, +C4<00000010111110101111000010000000>;
v000001ad23cac8f0_0 .var "bit_cnt", 3 0;
o000001ad24dc0fe8 .functor BUFZ 1, C4<z>; HiZ drive
v000001ad23cacc80_0 .net "clk", 0 0, o000001ad24dc0fe8;  0 drivers
v000001ad23cacd20_0 .var "current_state", 3 0;
v000001ad24db3110_0 .var "div_cnt", 12 0;
o000001ad24dc1078 .functor BUFZ 1, C4<z>; HiZ drive
v000001ad24db31b0_0 .net "en_sig", 0 0, o000001ad24dc1078;  0 drivers
v000001ad24db3250_0 .var "next_state", 3 0;
o000001ad24dc10d8 .functor BUFZ 1, C4<z>; HiZ drive
v000001ad24db32f0_0 .net "reset", 0 0, o000001ad24dc10d8;  0 drivers
v000001ad24db3390_0 .var "tx", 0 0;
o000001ad24dc1138 .functor BUFZ 10, C4<zzzzzzzzzz>; HiZ drive
v000001ad24db3430_0 .net "tx_data", 9 0, o000001ad24dc1138;  0 drivers
v000001ad24db34d0_0 .var "tx_done", 0 0;
E_000001ad23ca99e0/0 .event negedge, v000001ad24db32f0_0;
E_000001ad23ca99e0/1 .event posedge, v000001ad23cacc80_0;
E_000001ad23ca99e0 .event/or E_000001ad23ca99e0/0, E_000001ad23ca99e0/1;
E_000001ad23ca92a0 .event anyedge, v000001ad23cacd20_0, v000001ad24db31b0_0, v000001ad23cac8f0_0;
    .scope S_000001ad23cac760;
T_0 ;
    %wait E_000001ad23ca99e0;
    %load/vec4 v000001ad24db32f0_0;
    %pad/u 32;
    %cmpi/e 0, 0, 32;
    %jmp/0xz  T_0.0, 4;
    %pushi/vec4 1, 0, 4;
    %assign/vec4 v000001ad23cacd20_0, 0;
    %jmp T_0.1;
T_0.0 ;
    %load/vec4 v000001ad24db3250_0;
    %assign/vec4 v000001ad23cacd20_0, 0;
T_0.1 ;
    %jmp T_0;
    .thread T_0;
    .scope S_000001ad23cac760;
T_1 ;
    %wait E_000001ad23ca92a0;
    %load/vec4 v000001ad23cacd20_0;
    %dup/vec4;
    %pushi/vec4 1, 0, 4;
    %cmp/u;
    %jmp/1 T_1.0, 6;
    %dup/vec4;
    %pushi/vec4 2, 0, 4;
    %cmp/u;
    %jmp/1 T_1.1, 6;
    %dup/vec4;
    %pushi/vec4 8, 0, 4;
    %cmp/u;
    %jmp/1 T_1.2, 6;
    %jmp T_1.3;
T_1.0 ;
    %load/vec4 v000001ad24db31b0_0;
    %cmpi/e 1, 0, 1;
    %jmp/0xz  T_1.4, 4;
    %pushi/vec4 2, 0, 4;
    %store/vec4 v000001ad24db3250_0, 0, 4;
    %jmp T_1.5;
T_1.4 ;
    %pushi/vec4 1, 0, 4;
    %store/vec4 v000001ad24db3250_0, 0, 4;
T_1.5 ;
    %jmp T_1.3;
T_1.1 ;
    %load/vec4 v000001ad23cac8f0_0;
    %cmpi/e 9, 0, 4;
    %jmp/0xz  T_1.6, 4;
    %pushi/vec4 8, 0, 4;
    %store/vec4 v000001ad24db3250_0, 0, 4;
    %jmp T_1.7;
T_1.6 ;
    %pushi/vec4 2, 0, 4;
    %store/vec4 v000001ad24db3250_0, 0, 4;
T_1.7 ;
    %jmp T_1.3;
T_1.2 ;
    %pushi/vec4 1, 0, 4;
    %store/vec4 v000001ad24db3250_0, 0, 4;
    %jmp T_1.3;
T_1.3 ;
    %pop/vec4 1;
    %jmp T_1;
    .thread T_1, $push;
    .scope S_000001ad23cac760;
T_2 ;
    %wait E_000001ad23ca99e0;
    %load/vec4 v000001ad24db32f0_0;
    %pad/u 32;
    %cmpi/e 0, 0, 32;
    %jmp/0xz  T_2.0, 4;
    %pushi/vec4 0, 0, 1;
    %assign/vec4 v000001ad24db34d0_0, 0;
T_2.0 ;
    %load/vec4 v000001ad23cacd20_0;
    %dup/vec4;
    %pushi/vec4 1, 0, 4;
    %cmp/u;
    %jmp/1 T_2.2, 6;
    %dup/vec4;
    %pushi/vec4 2, 0, 4;
    %cmp/u;
    %jmp/1 T_2.3, 6;
    %dup/vec4;
    %pushi/vec4 8, 0, 4;
    %cmp/u;
    %jmp/1 T_2.4, 6;
    %jmp T_2.5;
T_2.2 ;
    %pushi/vec4 0, 0, 1;
    %assign/vec4 v000001ad24db34d0_0, 0;
    %jmp T_2.5;
T_2.3 ;
    %pushi/vec4 0, 0, 1;
    %assign/vec4 v000001ad24db34d0_0, 0;
    %load/vec4 v000001ad24db3430_0;
    %pushi/vec4 10, 0, 32;
    %load/vec4 v000001ad23cac8f0_0;
    %pad/u 32;
    %sub;
    %part/u 1;
    %assign/vec4 v000001ad24db3390_0, 0;
    %jmp T_2.5;
T_2.4 ;
    %pushi/vec4 1, 0, 1;
    %assign/vec4 v000001ad24db34d0_0, 0;
    %jmp T_2.5;
T_2.5 ;
    %pop/vec4 1;
    %jmp T_2;
    .thread T_2;
    .scope S_000001ad23cac760;
T_3 ;
    %wait E_000001ad23ca99e0;
    %load/vec4 v000001ad24db32f0_0;
    %pad/u 32;
    %cmpi/e 0, 0, 32;
    %jmp/0xz  T_3.0, 4;
    %pushi/vec4 0, 0, 13;
    %assign/vec4 v000001ad24db3110_0, 0;
    %jmp T_3.1;
T_3.0 ;
    %load/vec4 v000001ad23cacd20_0;
    %cmpi/e 2, 0, 4;
    %jmp/0xz  T_3.2, 4;
    %load/vec4 v000001ad24db3110_0;
    %pad/u 32;
    %cmpi/e 5208, 0, 32;
    %jmp/0xz  T_3.4, 4;
    %pushi/vec4 0, 0, 13;
    %assign/vec4 v000001ad24db3110_0, 0;
    %jmp T_3.5;
T_3.4 ;
    %load/vec4 v000001ad24db3110_0;
    %addi 1, 0, 13;
    %assign/vec4 v000001ad24db3110_0, 0;
T_3.5 ;
    %jmp T_3.3;
T_3.2 ;
    %pushi/vec4 0, 0, 13;
    %assign/vec4 v000001ad24db3110_0, 0;
T_3.3 ;
T_3.1 ;
    %jmp T_3;
    .thread T_3;
    .scope S_000001ad23cac760;
T_4 ;
    %wait E_000001ad23ca99e0;
    %load/vec4 v000001ad24db32f0_0;
    %pad/u 32;
    %cmpi/e 0, 0, 32;
    %jmp/0xz  T_4.0, 4;
    %pushi/vec4 0, 0, 4;
    %assign/vec4 v000001ad23cac8f0_0, 0;
    %jmp T_4.1;
T_4.0 ;
    %load/vec4 v000001ad23cacd20_0;
    %cmpi/e 2, 0, 4;
    %jmp/0xz  T_4.2, 4;
    %load/vec4 v000001ad24db3110_0;
    %pad/u 32;
    %cmpi/e 5208, 0, 32;
    %jmp/0xz  T_4.4, 4;
    %load/vec4 v000001ad23cac8f0_0;
    %cmpi/e 9, 0, 4;
    %jmp/0xz  T_4.6, 4;
    %pushi/vec4 0, 0, 4;
    %assign/vec4 v000001ad23cac8f0_0, 0;
    %jmp T_4.7;
T_4.6 ;
    %load/vec4 v000001ad23cac8f0_0;
    %addi 1, 0, 4;
    %assign/vec4 v000001ad23cac8f0_0, 0;
T_4.7 ;
T_4.4 ;
    %jmp T_4.3;
T_4.2 ;
    %pushi/vec4 0, 0, 4;
    %assign/vec4 v000001ad23cac8f0_0, 0;
T_4.3 ;
T_4.1 ;
    %jmp T_4;
    .thread T_4;
# The file index is used to find the file name in the following table.
:file_names 3;
    "N/A";
    "<interactive>";
    "uart_sender.v";
