#! /c/Source/iverilog-install/bin/vvp
:ivl_version "12.0 (devel)" "(s20150603-1539-g2693dd32b)";
:ivl_delay_selection "TYPICAL";
:vpi_time_precision + 0;
:vpi_module "C:\iverilog\lib\ivl\system.vpi";
:vpi_module "C:\iverilog\lib\ivl\vhdl_sys.vpi";
:vpi_module "C:\iverilog\lib\ivl\vhdl_textio.vpi";
:vpi_module "C:\iverilog\lib\ivl\v2005_math.vpi";
:vpi_module "C:\iverilog\lib\ivl\va_math.vpi";
S_00000214c2d9ce90 .scope module, "spi" "spi" 2 4;
 .timescale 0 0;
    .port_info 0 /INPUT 1 "sys_clk";
    .port_info 1 /INPUT 1 "reset";
    .port_info 2 /INPUT 1 "en_sig";
    .port_info 3 /OUTPUT 1 "cs";
    .port_info 4 /OUTPUT 1 "spi_clk";
    .port_info 5 /OUTPUT 1 "out";
P_00000214c2d9d250 .param/l "BE" 0 2 21, C4<1000>;
P_00000214c2d9d288 .param/l "BE_IN" 0 2 15, C4<11000111>;
P_00000214c2d9d2c0 .param/l "DELAY" 0 2 20, C4<0100>;
P_00000214c2d9d2f8 .param/l "IDLE" 0 2 18, C4<0001>;
P_00000214c2d9d330 .param/l "WREN" 0 2 19, C4<0010>;
P_00000214c2d9d368 .param/l "WR_EN_IN" 0 2 14, C4<00000110>;
v00000214c2d9d020_0 .var "Mosi", 7 0;
v00000214c2d9bd40_0 .var "bit_count", 2 0;
v00000214c2d9bde0_0 .var "cs", 0 0;
v00000214c2d9d3b0_0 .var "devider_count", 2 0;
o00000214c3c55098 .functor BUFZ 1, C4<z>; HiZ drive
v00000214c2d9d450_0 .net "en_sig", 0 0, o00000214c3c55098;  0 drivers
v00000214c2d9d4f0_0 .var "out", 0 0;
o00000214c3c550f8 .functor BUFZ 1, C4<z>; HiZ drive
v00000214c3c44cd0_0 .net "reset", 0 0, o00000214c3c550f8;  0 drivers
v00000214c3c44d70_0 .var "spi_clk", 0 0;
v00000214c3c44e10_0 .var "state", 3 0;
v00000214c3c44eb0_0 .var "state_count", 2 0;
o00000214c3c551b8 .functor BUFZ 1, C4<z>; HiZ drive
v00000214c3c44f50_0 .net "sys_clk", 0 0, o00000214c3c551b8;  0 drivers
E_00000214c3c36f10/0 .event negedge, v00000214c3c44cd0_0;
E_00000214c3c36f10/1 .event posedge, v00000214c3c44d70_0;
E_00000214c3c36f10 .event/or E_00000214c3c36f10/0, E_00000214c3c36f10/1;
E_00000214c3c36dd0/0 .event negedge, v00000214c3c44cd0_0;
E_00000214c3c36dd0/1 .event posedge, v00000214c3c44f50_0;
E_00000214c3c36dd0 .event/or E_00000214c3c36dd0/0, E_00000214c3c36dd0/1;
    .scope S_00000214c2d9ce90;
T_0 ;
    %wait E_00000214c3c36dd0;
    %load/vec4 v00000214c3c44cd0_0;
    %cmpi/e 0, 0, 1;
    %jmp/0xz  T_0.0, 4;
    %pushi/vec4 0, 0, 3;
    %assign/vec4 v00000214c2d9d3b0_0, 0;
    %jmp T_0.1;
T_0.0 ;
    %load/vec4 v00000214c2d9d3b0_0;
    %cmpi/e 3, 0, 3;
    %jmp/0xz  T_0.2, 4;
    %pushi/vec4 0, 0, 3;
    %assign/vec4 v00000214c2d9d3b0_0, 0;
    %jmp T_0.3;
T_0.2 ;
    %load/vec4 v00000214c2d9d3b0_0;
    %addi 1, 0, 3;
    %assign/vec4 v00000214c2d9d3b0_0, 0;
T_0.3 ;
T_0.1 ;
    %jmp T_0;
    .thread T_0;
    .scope S_00000214c2d9ce90;
T_1 ;
    %wait E_00000214c3c36dd0;
    %load/vec4 v00000214c3c44cd0_0;
    %cmpi/e 0, 0, 1;
    %jmp/0xz  T_1.0, 4;
    %pushi/vec4 0, 0, 1;
    %assign/vec4 v00000214c3c44d70_0, 0;
    %jmp T_1.1;
T_1.0 ;
    %load/vec4 v00000214c2d9d3b0_0;
    %cmpi/e 2, 0, 3;
    %jmp/0xz  T_1.2, 4;
    %pushi/vec4 1, 0, 1;
    %assign/vec4 v00000214c3c44d70_0, 0;
    %jmp T_1.3;
T_1.2 ;
    %pushi/vec4 0, 0, 1;
    %assign/vec4 v00000214c3c44d70_0, 0;
T_1.3 ;
T_1.1 ;
    %jmp T_1;
    .thread T_1;
    .scope S_00000214c2d9ce90;
T_2 ;
    %wait E_00000214c3c36f10;
    %load/vec4 v00000214c3c44cd0_0;
    %cmpi/e 0, 0, 1;
    %jmp/0xz  T_2.0, 4;
    %pushi/vec4 1, 0, 4;
    %assign/vec4 v00000214c3c44e10_0, 0;
    %pushi/vec4 0, 0, 3;
    %assign/vec4 v00000214c3c44eb0_0, 0;
    %jmp T_2.1;
T_2.0 ;
    %load/vec4 v00000214c3c44eb0_0;
    %cmpi/e 7, 0, 3;
    %jmp/0xz  T_2.2, 4;
    %pushi/vec4 0, 0, 3;
    %assign/vec4 v00000214c3c44eb0_0, 0;
    %jmp T_2.3;
T_2.2 ;
    %load/vec4 v00000214c3c44eb0_0;
    %addi 1, 0, 3;
    %assign/vec4 v00000214c3c44eb0_0, 0;
T_2.3 ;
T_2.1 ;
    %jmp T_2;
    .thread T_2;
    .scope S_00000214c2d9ce90;
T_3 ;
    %wait E_00000214c3c36f10;
    %load/vec4 v00000214c3c44cd0_0;
    %cmpi/e 0, 0, 1;
    %jmp/0xz  T_3.0, 4;
    %pushi/vec4 1, 0, 4;
    %assign/vec4 v00000214c3c44e10_0, 0;
    %jmp T_3.1;
T_3.0 ;
    %load/vec4 v00000214c3c44e10_0;
    %dup/vec4;
    %pushi/vec4 1, 0, 4;
    %cmp/u;
    %jmp/1 T_3.2, 6;
    %dup/vec4;
    %pushi/vec4 2, 0, 4;
    %cmp/u;
    %jmp/1 T_3.3, 6;
    %dup/vec4;
    %pushi/vec4 4, 0, 4;
    %cmp/u;
    %jmp/1 T_3.4, 6;
    %jmp T_3.5;
T_3.2 ;
    %load/vec4 v00000214c2d9d450_0;
    %cmpi/e 1, 0, 1;
    %flag_get/vec4 4;
    %jmp/0 T_3.8, 4;
    %load/vec4 v00000214c3c44eb0_0;
    %pushi/vec4 1, 0, 3;
    %cmp/e;
    %flag_get/vec4 4;
    %and;
T_3.8;
    %flag_set/vec4 8;
    %jmp/0xz  T_3.6, 8;
    %pushi/vec4 2, 0, 4;
    %assign/vec4 v00000214c3c44e10_0, 0;
    %jmp T_3.7;
T_3.6 ;
    %pushi/vec4 1, 0, 4;
    %assign/vec4 v00000214c3c44e10_0, 0;
T_3.7 ;
    %jmp T_3.5;
T_3.3 ;
    %load/vec4 v00000214c3c44eb0_0;
    %cmpi/e 4, 0, 3;
    %jmp/0xz  T_3.9, 4;
    %pushi/vec4 4, 0, 4;
    %assign/vec4 v00000214c3c44e10_0, 0;
T_3.9 ;
    %jmp T_3.5;
T_3.4 ;
    %load/vec4 v00000214c3c44eb0_0;
    %cmpi/e 6, 0, 3;
    %jmp/0xz  T_3.11, 4;
    %pushi/vec4 8, 0, 4;
    %assign/vec4 v00000214c3c44e10_0, 0;
T_3.11 ;
    %jmp T_3.5;
T_3.5 ;
    %pop/vec4 1;
T_3.1 ;
    %jmp T_3;
    .thread T_3;
    .scope S_00000214c2d9ce90;
T_4 ;
    %wait E_00000214c3c36f10;
    %load/vec4 v00000214c3c44cd0_0;
    %cmpi/e 0, 0, 1;
    %jmp/0xz  T_4.0, 4;
    %pushi/vec4 1, 0, 1;
    %assign/vec4 v00000214c2d9bde0_0, 0;
    %pushi/vec4 0, 0, 8;
    %assign/vec4 v00000214c2d9d020_0, 0;
    %jmp T_4.1;
T_4.0 ;
    %load/vec4 v00000214c3c44e10_0;
    %dup/vec4;
    %pushi/vec4 2, 0, 4;
    %cmp/u;
    %jmp/1 T_4.2, 6;
    %dup/vec4;
    %pushi/vec4 8, 0, 4;
    %cmp/u;
    %jmp/1 T_4.3, 6;
    %pushi/vec4 1, 0, 1;
    %assign/vec4 v00000214c2d9bde0_0, 0;
    %pushi/vec4 0, 0, 8;
    %assign/vec4 v00000214c2d9d020_0, 0;
    %jmp T_4.5;
T_4.2 ;
    %pushi/vec4 0, 0, 1;
    %assign/vec4 v00000214c2d9bde0_0, 0;
    %pushi/vec4 6, 0, 8;
    %assign/vec4 v00000214c2d9d020_0, 0;
    %jmp T_4.5;
T_4.3 ;
    %pushi/vec4 0, 0, 1;
    %assign/vec4 v00000214c2d9bde0_0, 0;
    %pushi/vec4 199, 0, 8;
    %assign/vec4 v00000214c2d9d020_0, 0;
    %jmp T_4.5;
T_4.5 ;
    %pop/vec4 1;
T_4.1 ;
    %jmp T_4;
    .thread T_4;
    .scope S_00000214c2d9ce90;
T_5 ;
    %wait E_00000214c3c36f10;
    %load/vec4 v00000214c3c44cd0_0;
    %cmpi/e 0, 0, 1;
    %jmp/0xz  T_5.0, 4;
    %pushi/vec4 0, 0, 1;
    %assign/vec4 v00000214c2d9d4f0_0, 0;
    %pushi/vec4 0, 0, 3;
    %assign/vec4 v00000214c2d9bd40_0, 0;
    %jmp T_5.1;
T_5.0 ;
    %load/vec4 v00000214c3c44e10_0;
    %cmpi/e 2, 0, 4;
    %flag_get/vec4 4;
    %jmp/0 T_5.4, 4;
    %load/vec4 v00000214c3c44eb0_0;
    %pushi/vec4 2, 0, 3;
    %cmp/e;
    %flag_get/vec4 4;
    %and;
T_5.4;
    %flag_set/vec4 8;
    %jmp/0xz  T_5.2, 8;
    %load/vec4 v00000214c2d9d020_0;
    %pushi/vec4 7, 0, 32;
    %load/vec4 v00000214c2d9bd40_0;
    %pad/u 32;
    %sub;
    %part/u 1;
    %assign/vec4 v00000214c2d9d4f0_0, 0;
    %load/vec4 v00000214c2d9bd40_0;
    %addi 1, 0, 3;
    %assign/vec4 v00000214c2d9bd40_0, 0;
    %jmp T_5.3;
T_5.2 ;
    %load/vec4 v00000214c3c44e10_0;
    %cmpi/e 8, 0, 4;
    %flag_get/vec4 4;
    %jmp/0 T_5.7, 4;
    %load/vec4 v00000214c3c44eb0_0;
    %pushi/vec4 6, 0, 3;
    %cmp/e;
    %flag_get/vec4 4;
    %and;
T_5.7;
    %flag_set/vec4 8;
    %jmp/0xz  T_5.5, 8;
    %load/vec4 v00000214c2d9d020_0;
    %pushi/vec4 7, 0, 32;
    %load/vec4 v00000214c2d9bd40_0;
    %pad/u 32;
    %sub;
    %part/u 1;
    %assign/vec4 v00000214c2d9d4f0_0, 0;
    %load/vec4 v00000214c2d9bd40_0;
    %addi 1, 0, 3;
    %assign/vec4 v00000214c2d9bd40_0, 0;
    %jmp T_5.6;
T_5.5 ;
    %pushi/vec4 0, 0, 1;
    %assign/vec4 v00000214c2d9d4f0_0, 0;
    %pushi/vec4 0, 0, 3;
    %assign/vec4 v00000214c2d9bd40_0, 0;
T_5.6 ;
T_5.3 ;
T_5.1 ;
    %jmp T_5;
    .thread T_5;
# The file index is used to find the file name in the following table.
:file_names 3;
    "N/A";
    "<interactive>";
    "spi.v";
