#! /c/Source/iverilog-install/bin/vvp
:ivl_version "12.0 (devel)" "(s20150603-1539-g2693dd32b)";
:ivl_delay_selection "TYPICAL";
:vpi_time_precision - 9;
:vpi_module "C:\iverilog\lib\ivl\system.vpi";
:vpi_module "C:\iverilog\lib\ivl\vhdl_sys.vpi";
:vpi_module "C:\iverilog\lib\ivl\vhdl_textio.vpi";
:vpi_module "C:\iverilog\lib\ivl\v2005_math.vpi";
:vpi_module "C:\iverilog\lib\ivl\va_math.vpi";
S_0000025cc95fd3b0 .scope module, "Eight_Sel_One_tb" "Eight_Sel_One_tb" 2 3;
 .timescale -8 -9;
v0000025ccbbf6910_0 .var "a", 7 0;
v0000025ccbbf69b0_0 .var "s", 2 0;
v0000025ccbbf6a50_0 .net "y", 0 0, v0000025ccbbf6870_0;  1 drivers
S_0000025ccbbf66e0 .scope module, "dut" "Eight_Sel_One" 2 30, 3 1 0, S_0000025cc95fd3b0;
 .timescale -8 -9;
    .port_info 0 /INPUT 8 "data";
    .port_info 1 /INPUT 3 "sel";
    .port_info 2 /OUTPUT 1 "y";
v0000025cc95fd540_0 .net "data", 7 0, v0000025ccbbf6910_0;  1 drivers
v0000025ccbbc3160_0 .net "sel", 2 0, v0000025ccbbf69b0_0;  1 drivers
v0000025ccbbf6870_0 .var "y", 0 0;
E_0000025cc95fae70 .event anyedge, v0000025ccbbc3160_0, v0000025cc95fd540_0;
    .scope S_0000025ccbbf66e0;
T_0 ;
    %wait E_0000025cc95fae70;
    %load/vec4 v0000025ccbbc3160_0;
    %dup/vec4;
    %pushi/vec4 0, 0, 3;
    %cmp/u;
    %jmp/1 T_0.0, 6;
    %dup/vec4;
    %pushi/vec4 1, 0, 3;
    %cmp/u;
    %jmp/1 T_0.1, 6;
    %dup/vec4;
    %pushi/vec4 2, 0, 3;
    %cmp/u;
    %jmp/1 T_0.2, 6;
    %dup/vec4;
    %pushi/vec4 3, 0, 3;
    %cmp/u;
    %jmp/1 T_0.3, 6;
    %dup/vec4;
    %pushi/vec4 4, 0, 3;
    %cmp/u;
    %jmp/1 T_0.4, 6;
    %dup/vec4;
    %pushi/vec4 5, 0, 3;
    %cmp/u;
    %jmp/1 T_0.5, 6;
    %dup/vec4;
    %pushi/vec4 6, 0, 3;
    %cmp/u;
    %jmp/1 T_0.6, 6;
    %dup/vec4;
    %pushi/vec4 7, 0, 3;
    %cmp/u;
    %jmp/1 T_0.7, 6;
    %jmp T_0.8;
T_0.0 ;
    %load/vec4 v0000025cc95fd540_0;
    %parti/s 1, 0, 2;
    %store/vec4 v0000025ccbbf6870_0, 0, 1;
    %jmp T_0.8;
T_0.1 ;
    %load/vec4 v0000025cc95fd540_0;
    %parti/s 1, 1, 2;
    %store/vec4 v0000025ccbbf6870_0, 0, 1;
    %jmp T_0.8;
T_0.2 ;
    %load/vec4 v0000025cc95fd540_0;
    %parti/s 1, 2, 3;
    %store/vec4 v0000025ccbbf6870_0, 0, 1;
    %jmp T_0.8;
T_0.3 ;
    %load/vec4 v0000025cc95fd540_0;
    %parti/s 1, 3, 3;
    %store/vec4 v0000025ccbbf6870_0, 0, 1;
    %jmp T_0.8;
T_0.4 ;
    %load/vec4 v0000025cc95fd540_0;
    %parti/s 1, 4, 4;
    %store/vec4 v0000025ccbbf6870_0, 0, 1;
    %jmp T_0.8;
T_0.5 ;
    %load/vec4 v0000025cc95fd540_0;
    %parti/s 1, 5, 4;
    %store/vec4 v0000025ccbbf6870_0, 0, 1;
    %jmp T_0.8;
T_0.6 ;
    %load/vec4 v0000025cc95fd540_0;
    %parti/s 1, 6, 4;
    %store/vec4 v0000025ccbbf6870_0, 0, 1;
    %jmp T_0.8;
T_0.7 ;
    %load/vec4 v0000025cc95fd540_0;
    %parti/s 1, 7, 4;
    %store/vec4 v0000025ccbbf6870_0, 0, 1;
    %jmp T_0.8;
T_0.8 ;
    %pop/vec4 1;
    %jmp T_0;
    .thread T_0, $push;
    .scope S_0000025cc95fd3b0;
T_1 ;
    %pushi/vec4 170, 0, 8;
    %store/vec4 v0000025ccbbf6910_0, 0, 8;
    %pushi/vec4 0, 0, 3;
    %store/vec4 v0000025ccbbf69b0_0, 0, 3;
    %delay 1000, 0;
    %pushi/vec4 1, 0, 3;
    %store/vec4 v0000025ccbbf69b0_0, 0, 3;
    %delay 1000, 0;
    %pushi/vec4 2, 0, 3;
    %store/vec4 v0000025ccbbf69b0_0, 0, 3;
    %delay 1000, 0;
    %pushi/vec4 3, 0, 3;
    %store/vec4 v0000025ccbbf69b0_0, 0, 3;
    %delay 1000, 0;
    %pushi/vec4 4, 0, 3;
    %store/vec4 v0000025ccbbf69b0_0, 0, 3;
    %delay 1000, 0;
    %pushi/vec4 5, 0, 3;
    %store/vec4 v0000025ccbbf69b0_0, 0, 3;
    %delay 1000, 0;
    %pushi/vec4 6, 0, 3;
    %store/vec4 v0000025ccbbf69b0_0, 0, 3;
    %delay 1000, 0;
    %pushi/vec4 7, 0, 3;
    %store/vec4 v0000025ccbbf69b0_0, 0, 3;
    %delay 1000, 0;
    %vpi_call 2 27 "$finish" {0 0 0};
    %end;
    .thread T_1;
# The file index is used to find the file name in the following table.
:file_names 4;
    "N/A";
    "<interactive>";
    "Eight_Sel_One_tb.v";
    "./Eight_Sel_One.v";
