#! /c/Source/iverilog-install/bin/vvp
:ivl_version "12.0 (devel)" "(s20150603-1539-g2693dd32b)";
:ivl_delay_selection "TYPICAL";
:vpi_time_precision - 9;
:vpi_module "C:\iverilog\lib\ivl\system.vpi";
:vpi_module "C:\iverilog\lib\ivl\vhdl_sys.vpi";
:vpi_module "C:\iverilog\lib\ivl\vhdl_textio.vpi";
:vpi_module "C:\iverilog\lib\ivl\v2005_math.vpi";
:vpi_module "C:\iverilog\lib\ivl\va_math.vpi";
S_000001771ed73380 .scope module, "Four_devider_tb" "Four_devider_tb" 2 3;
 .timescale -9 -9;
v000001771edebd80_0 .var "clk", 0 0;
v000001771edebe20_0 .net "out", 0 0, L_000001771ee34920;  1 drivers
v000001771edebec0_0 .var "rst", 0 0;
S_000001771ed73510 .scope module, "dut" "Four_devider" 2 7, 3 1 0, S_000001771ed73380;
 .timescale -9 -9;
    .port_info 0 /INPUT 1 "clk";
    .port_info 1 /INPUT 1 "rst";
    .port_info 2 /OUTPUT 1 "clk_out";
L_000001771edebf68 .functor BUFT 1, C4<01>, C4<0>, C4<0>, C4<0>;
v000001771ed73b80_0 .net/2u *"_ivl_0", 1 0, L_000001771edebf68;  1 drivers
v000001771ed736a0_0 .net *"_ivl_2", 0 0, L_000001771ee34ce0;  1 drivers
L_000001771edebfb0 .functor BUFT 1, C4<1>, C4<0>, C4<0>, C4<0>;
v000001771ed73740_0 .net/2u *"_ivl_4", 0 0, L_000001771edebfb0;  1 drivers
L_000001771edebff8 .functor BUFT 1, C4<0>, C4<0>, C4<0>, C4<0>;
v000001771c6ecdc0_0 .net/2u *"_ivl_6", 0 0, L_000001771edebff8;  1 drivers
v000001771c6ece60_0 .net "clk", 0 0, v000001771edebd80_0;  1 drivers
v000001771c6ecf00_0 .net "clk_out", 0 0, L_000001771ee34920;  alias, 1 drivers
v000001771edebc40_0 .var "count", 1 0;
v000001771edebce0_0 .net "rst", 0 0, v000001771edebec0_0;  1 drivers
E_000001771eda5010 .event posedge, v000001771edebce0_0, v000001771c6ece60_0;
L_000001771ee34ce0 .cmp/eq 2, v000001771edebc40_0, L_000001771edebf68;
L_000001771ee34920 .functor MUXZ 1, L_000001771edebff8, L_000001771edebfb0, L_000001771ee34ce0, C4<>;
    .scope S_000001771ed73510;
T_0 ;
    %wait E_000001771eda5010;
    %load/vec4 v000001771edebce0_0;
    %cmpi/e 1, 0, 1;
    %jmp/0xz  T_0.0, 4;
    %pushi/vec4 0, 0, 2;
    %assign/vec4 v000001771edebc40_0, 0;
    %jmp T_0.1;
T_0.0 ;
    %load/vec4 v000001771edebc40_0;
    %cmpi/e 3, 0, 2;
    %jmp/0xz  T_0.2, 4;
    %pushi/vec4 0, 0, 2;
    %assign/vec4 v000001771edebc40_0, 0;
    %jmp T_0.3;
T_0.2 ;
    %load/vec4 v000001771edebc40_0;
    %addi 1, 0, 2;
    %assign/vec4 v000001771edebc40_0, 0;
T_0.3 ;
T_0.1 ;
    %jmp T_0;
    .thread T_0;
    .scope S_000001771ed73380;
T_1 ;
    %pushi/vec4 0, 0, 1;
    %store/vec4 v000001771edebec0_0, 0, 1;
    %delay 10, 0;
    %pushi/vec4 1, 0, 1;
    %store/vec4 v000001771edebec0_0, 0, 1;
    %end;
    .thread T_1;
    .scope S_000001771ed73380;
T_2 ;
    %delay 1, 0;
    %load/vec4 v000001771edebd80_0;
    %inv;
    %store/vec4 v000001771edebd80_0, 0, 1;
    %jmp T_2;
    .thread T_2;
# The file index is used to find the file name in the following table.
:file_names 4;
    "N/A";
    "<interactive>";
    "Four_devider_tb.v";
    "./Four_devider.v";
