#! /c/Source/iverilog-install/bin/vvp
:ivl_version "12.0 (devel)" "(s20150603-1539-g2693dd32b)";
:ivl_delay_selection "TYPICAL";
:vpi_time_precision + 0;
:vpi_module "C:\iverilog\lib\ivl\system.vpi";
:vpi_module "C:\iverilog\lib\ivl\vhdl_sys.vpi";
:vpi_module "C:\iverilog\lib\ivl\vhdl_textio.vpi";
:vpi_module "C:\iverilog\lib\ivl\v2005_math.vpi";
:vpi_module "C:\iverilog\lib\ivl\va_math.vpi";
S_0000015cc5eb2ce0 .scope module, "spi_clk" "spi_clk" 2 1;
 .timescale 0 0;
    .port_info 0 /INPUT 1 "sys_clk";
    .port_info 1 /INPUT 1 "reset_n";
    .port_info 2 /OUTPUT 1 "spi_clk";
v0000015cc5eb3560_0 .var "counter", 1 0;
o0000015cc5ee6fd8 .functor BUFZ 1, C4<z>; HiZ drive
v0000015cc4ffcbe0_0 .net "reset_n", 0 0, o0000015cc5ee6fd8;  0 drivers
v0000015cc4ffcc80_0 .var "spi_clk", 0 0;
o0000015cc5ee7038 .functor BUFZ 1, C4<z>; HiZ drive
v0000015cc4ffcd20_0 .net "sys_clk", 0 0, o0000015cc5ee7038;  0 drivers
E_0000015cc4ffd9b0/0 .event negedge, v0000015cc4ffcbe0_0;
E_0000015cc4ffd9b0/1 .event posedge, v0000015cc4ffcd20_0;
E_0000015cc4ffd9b0 .event/or E_0000015cc4ffd9b0/0, E_0000015cc4ffd9b0/1;
    .scope S_0000015cc5eb2ce0;
T_0 ;
    %wait E_0000015cc4ffd9b0;
    %load/vec4 v0000015cc4ffcbe0_0;
    %pad/u 32;
    %cmpi/e 0, 0, 32;
    %jmp/0xz  T_0.0, 4;
    %pushi/vec4 0, 0, 1;
    %assign/vec4 v0000015cc4ffcc80_0, 0;
    %jmp T_0.1;
T_0.0 ;
    %load/vec4 v0000015cc5eb3560_0;
    %cmpi/e 3, 0, 2;
    %jmp/0xz  T_0.2, 4;
    %load/vec4 v0000015cc4ffcc80_0;
    %inv;
    %assign/vec4 v0000015cc4ffcc80_0, 0;
    %jmp T_0.3;
T_0.2 ;
    %load/vec4 v0000015cc4ffcc80_0;
    %assign/vec4 v0000015cc4ffcc80_0, 0;
T_0.3 ;
T_0.1 ;
    %jmp T_0;
    .thread T_0;
    .scope S_0000015cc5eb2ce0;
T_1 ;
    %wait E_0000015cc4ffd9b0;
    %load/vec4 v0000015cc4ffcbe0_0;
    %pad/u 32;
    %cmpi/e 0, 0, 32;
    %jmp/0xz  T_1.0, 4;
    %pushi/vec4 0, 0, 2;
    %assign/vec4 v0000015cc5eb3560_0, 0;
    %jmp T_1.1;
T_1.0 ;
    %load/vec4 v0000015cc5eb3560_0;
    %cmpi/e 3, 0, 2;
    %jmp/0xz  T_1.2, 4;
    %pushi/vec4 0, 0, 2;
    %assign/vec4 v0000015cc5eb3560_0, 0;
    %jmp T_1.3;
T_1.2 ;
    %load/vec4 v0000015cc5eb3560_0;
    %addi 1, 0, 2;
    %assign/vec4 v0000015cc5eb3560_0, 0;
T_1.3 ;
T_1.1 ;
    %jmp T_1;
    .thread T_1;
# The file index is used to find the file name in the following table.
:file_names 3;
    "N/A";
    "<interactive>";
    "spi_clk.v";
