Synthesis Analysis & Elaboration Stage Report for de25_lcd_top
Sat Sep  5 15:36:34 2026
Quartus Prime Version 25.1.1 Build 125 07/31/2025 Patches 1.03 SC Pro Edition


---------------------
; Table of Contents ;
---------------------
  1. Legal Notice



----------------
; Legal Notice ;
----------------
Copyright (C) 2025  Altera Corporation. All rights reserved.
Your use of Altera Corporation's design tools, logic functions 
and other software and tools, and any partner logic 
functions, and any output files from any of the foregoing 
(including device programming or simulation files), and any 
associated documentation or information are expressly subject 
to the terms and conditions of the Altera Program License 
Subscription Agreement, the Altera Quartus Prime License Agreement,
the Altera IP License Agreement, or other applicable license
agreement, including, without limitation, that your use is for
the sole purpose of programming logic devices manufactured by
Altera and sold by Altera or its authorized distributors.  Please
refer to the Altera Software License Subscription Agreements 
on the Quartus Prime software download page.



