Assembler report for de25_lcd_top
Sat Sep  5 14:26:53 2026
Quartus Prime Version 25.1.1 Build 125 07/31/2025 Patches 1.03 SC Pro Edition


---------------------
; Table of Contents ;
---------------------
  1. Legal Notice
  2. Assembler Summary
  3. Assembler Settings
  4. Parallel Compilation
  5. Assembler Messages
  6. Assembler Generated Files
  7. Assembler Device Options: C:/Users/wqshj/Desktop/FPGA_Pro/My_Verilog/learn/LCD/output_files/de25_lcd_top.sof
  8. Assembler INI Usage



----------------
; Legal Notice ;
----------------
Copyright (C) 2025  Altera Corporation. All rights reserved.
Your use of Altera Corporation's design tools, logic functions 
and other software and tools, and any partner logic 
functions, and any output files from any of the foregoing 
(including device programming or simulation files), and any 
associated documentation or information are expressly subject 
to the terms and conditions of the Altera Program License 
Subscription Agreement, the Altera Quartus Prime License Agreement,
the Altera IP License Agreement, or other applicable license
agreement, including, without limitation, that your use is for
the sole purpose of programming logic devices manufactured by
Altera and sold by Altera or its authorized distributors.  Please
refer to the Altera Software License Subscription Agreements 
on the Quartus Prime software download page.



+---------------------------------------------------------------+
; Assembler Summary                                             ;
+-----------------------+---------------------------------------+
; Assembler Status      ; Successful - Sat Sep  5 14:26:53 2026 ;
; Revision Name         ; de25_lcd_top                          ;
; Top-level Entity Name ; de25_lcd_top                          ;
; Family                ; Agilex 5                              ;
; Device                ; A5EB013BB23BE4SR1                     ;
; Timing Models         ; Preliminary                           ;
; Power Models          ; Preliminary                           ;
; Device Status         ; Preliminary                           ;
+-----------------------+---------------------------------------+


+------------------------------------------------------------------------------------------------------------+
; Assembler Settings                                                                                         ;
+------------------------------------------------------------------+--------------------+--------------------+
; Option                                                           ; Setting            ; Default Value      ;
+------------------------------------------------------------------+--------------------+--------------------+
; Enable parallel Assembler and Timing Analyzer during compilation ; On                 ; On                 ;
; Enable compact report table                                      ; Off                ; Off                ;
; Enable Design Assistant in the compilation flow                  ; On                 ; On                 ;
; Design Assistant include IP blocks                               ; Off                ; Off                ;
; High fanout net threshold for RAM inference                      ; 15                 ; 15                 ;
; Design Assistant limit on reported violations per rule           ; 5000               ; 5000               ;
; Voltage output format                                            ; Linear format      ; Auto discovery     ;
; Linear format N                                                  ; -12                ; 0                  ;
; Auto user code                                                   ; On                 ; On                 ;
; Configuration device                                             ; Auto               ; Auto               ;
; Voltage stable delay                                             ; 10                 ; 10                 ;
; FPGA release delay                                               ; 10                 ; 10                 ;
; Initial delay                                                    ; 0                  ; 0                  ;
; Bus speed mode                                                   ; 100 KHz            ; 100 KHz            ;
; Slave device type                                                ; LTM4677            ; LTM4677            ;
; Device address in PMBus Slave mode                               ; 00                 ; 00                 ;
; PMBus device 0 slave address                                     ; 00                 ; 00                 ;
; PMBus device 1 slave address                                     ; 00                 ; 00                 ;
; PMBus device 2 slave address                                     ; 00                 ; 00                 ;
; PMBus device 3 slave address                                     ; 00                 ; 00                 ;
; PMBus device 4 slave address                                     ; 00                 ; 00                 ;
; PMBus device 5 slave address                                     ; 00                 ; 00                 ;
; PMBus device 6 slave address                                     ; 00                 ; 00                 ;
; PMBus device 7 slave address                                     ; 00                 ; 00                 ;
; Direct format coefficient m                                      ; 0                  ; 0                  ;
; Direct format coefficient b                                      ; 0                  ; 0                  ;
; Direct format coefficient R                                      ; 0                  ; 0                  ;
; Translated voltage value unit                                    ; Volts              ; Volts              ;
; VID format base voltage in mv                                    ; 0                  ; 0                  ;
; VID format step size in mv                                       ; 0                  ; 0                  ;
; obsolete - Data setup time in nanoseconds                        ; 0                  ; 0                  ;
; obsolete - Data hold time in nanoseconds                         ; 0                  ; 0                  ;
; obsolete - Clock/data fall time in nanoseconds                   ; 0                  ; 0                  ;
; obsolete - Clock/data rise time in nanoseconds                   ; 0                  ; 0                  ;
; Enable PAGE command                                              ; Off                ; Off                ;
; VOUT reading error margin index                                  ; 8                  ; 8                  ;
; Configuration device auto user code                              ; Off                ; Off                ;
; Generate Partial Reconfiguration Raw Binary File (.rbf)          ; On                 ; On                 ;
; HPS/FPGA configuration order                                     ; After INIT_DONE    ; After INIT_DONE    ;
; HPS debug access port (DAP)                                      ; Disabled           ; Disabled           ;
; Enable configuration bitstream encryption                        ; Off                ; Off                ;
; Encryption key storage location                                  ; Battery Backup RAM ; Battery Backup RAM ;
; Allow HPS debug without certificate                              ; Off                ; Off                ;
; Remote system update max retry count                             ; 1                  ; 1                  ;
; Disable JTAG                                                     ; Off                ; Off                ;
; Force SDM clock to internal oscillator                           ; Off                ; Off                ;
; Disable virtual eFuses                                           ; Off                ; Off                ;
; Lock security eFuses                                             ; Off                ; Off                ;
; Disable HPS debug                                                ; Off                ; Off                ;
; Disable encryption key in eFuses                                 ; Off                ; Off                ;
; Disable encryption key in BBRAM                                  ; Off                ; Off                ;
; Disable Intrinsic ID PUF-wrapped encryption key in Quad SPI      ; Off                ; Off                ;
; Enable frequency tamper detection                                ; Off                ; Off                ;
; Enable temperature tamper detection                              ; Off                ; Off                ;
; Enable voltage tamper detection                                  ; Off                ; Off                ;
; Anti-tamper response                                             ; Disabled           ; Disabled           ;
; Frequency tamper detection range                                 ; 35                 ; 35                 ;
; Temperature tamper upper bound                                   ; 110                ; 110                ;
; Temperature tamper lower bound                                   ; -40                ; -40                ;
; Enable VCCL voltage tamper detection                             ; Off                ; Off                ;
; Enable VCCL SDM voltage tamper detection                         ; Off                ; Off                ;
; Enable VCCL HPS voltage tamper detection                         ; Off                ; Off                ;
; Voltage tamper detection trigger                                 ; 15                 ; 15                 ;
; VCCL voltage difference in percentage                            ; 0                  ; 0                  ;
; VCCL_SDM voltage difference in percentage                        ; 0                  ; 0                  ;
; Run configuration CPU from internal oscillator                   ; Off                ; Off                ;
; Generate compressed sof                                          ; On                 ; On                 ;
; PAGE command payload                                             ; 255                ; 255                ;
; Enable partial reconfiguration bitstream encryption              ; Off                ; Off                ;
; Enable AliasL1 certificate                                       ; Off                ; Off                ;
; Enable multi-authority                                           ; Off                ; Off                ;
; Enable device self-kill                                          ; Off                ; Off                ;
; Enable device self-kill                                          ; Off                ; Off                ;
; Enable device self-kill                                          ; Off                ; Off                ;
; Enable device self-kill                                          ; Off                ; Off                ;
; Enable external voltage reference                                ; Off                ; Off                ;
; Generate programming files                                       ; Off                ; Off                ;
; Temperature threshold value                                      ; 120                ; 120                ;
; Enable external scrubbing                                        ; Off                ; Off                ;
; Enable status_byte for polling                                   ; On                 ; On                 ;
; Disable VID for debug purpose only                               ; Off                ; Off                ;
; Diagnostic Boot                                                  ; Off                ; Off                ;
; seu_error_out signal behavior                                    ; Only uncorrectable ; Only uncorrectable ;
+------------------------------------------------------------------+--------------------+--------------------+


+-------------------------------------+
; Parallel Compilation                ;
+----------------------------+--------+
; Processors                 ; Number ;
+----------------------------+--------+
; Number detected on machine ; 12     ;
; Maximum allowed            ; 12     ;
+----------------------------+--------+


+--------------------+
; Assembler Messages ;
+--------------------+
Info: *******************************************************************
Info: Running Quartus Prime Assembler
    Info: Version 25.1.1 Build 125 07/31/2025 Patches 1.03 SC Pro Edition
    Info: Processing started: Sat Sep  5 14:26:35 2026
    Info: System process ID: 8440
Info: Command: quartus_asm --read_settings_files=on --write_settings_files=off de25_lcd_top -c de25_lcd_top
Info: Using INI file c:/altera_pro/25.1.1/quartus/bin64/quartus.ini
Info (16677): Loading final database.
Info (16734): Loading "final" snapshot for partition "root_partition".
Info (16678): Successfully loaded final database: elapsed time is 00:00:03.
Info (20553): Using CVP Hash 8988779f512c10516bce8c74ffa2ee895729d3c1d4cdb68bb019dc13b10772d3
Info: Quartus Prime Assembler was successful. 0 errors, 0 warnings
    Info: Peak virtual memory: 2747 megabytes
    Info: Processing ended: Sat Sep  5 14:26:53 2026
    Info: Elapsed time: 00:00:18
    Info: System process ID: 8440


+------------------------------------------------------------------------------------+
; Assembler Generated Files                                                          ;
+------------------------------------------------------------------------------------+
; File Name                                                                          ;
+------------------------------------------------------------------------------------+
; C:/Users/wqshj/Desktop/FPGA_Pro/My_Verilog/learn/LCD/output_files/de25_lcd_top.sof ;
+------------------------------------------------------------------------------------+


+--------------------------------------------------------------------------------------------------------------+
; Assembler Device Options: C:/Users/wqshj/Desktop/FPGA_Pro/My_Verilog/learn/LCD/output_files/de25_lcd_top.sof ;
+----------------+---------------------------------------------------------------------------------------------+
; Option         ; Setting                                                                                     ;
+----------------+---------------------------------------------------------------------------------------------+
; JTAG usercode  ; 0xFFFFFFFF                                                                                  ;
; Checksum       ; 0x0612C1E2                                                                                  ;
; Design hash    ; 35146278A47A8F009154BA97313211065D3393C2ECD697D3CB592EBCBD951E0A                            ;
+----------------+---------------------------------------------------------------------------------------------+


+-------------------------------------------------------------------------------------------------------------------------------------------------------------------------------------------------------------------------------------------------------------------------------------------------------------------+
; Assembler INI Usage                                                                                                                                                                                                                                                                                               ;
+----------------------+--------------------------------------------------------------------------------------------------------------------------------------------------------------------------------------------------------------------------------------------------------------------------------------------+
; Option               ; Usage                                                                                                                                                                                                                                                                                      ;
+----------------------+--------------------------------------------------------------------------------------------------------------------------------------------------------------------------------------------------------------------------------------------------------------------------------------------+
; Initialization file: ; c:/altera_pro/25.1.1/quartus/bin64/quartus.ini                                                                                                                                                                                                                                             ;
; dev_password0        ; d0070c637d8467d216785497e7c00f870f7a1a12185e102e5e895c693de70841606127b3ca1ec5b729e9a2b25df63706a8f2a52ba85cfc9770f9c37f3b12233613224222356000434553430301145310420004273404241000430325566225442255633517555454203222702254455551500430554544754441                                       ;
; dev_password1        ; d0070c637d8467d216785497e7c00f870f7a1a12185e102e5e895c693de70841606127b3db1ec5b729e9a2b25df63706a8f2a52ba85cfc9770f9c37f3b12233613224222356000434553430301145310420004273404241000430325566225442255633517555454203222702254455551500430554544754441                                       ;
; dev_password2        ; d0070c637d8467d216785497e7c00f870f7a1a12185e102e5e895c693de70841606127bcff1ec5b729e9a2b25df63706a8f2a52ba85cfc9770f9c37f3b12233613224222356000434553430301145310420004273404241000430325566225442255633517555454203222702254455551500430554544754441                                       ;
; dev_password3        ; d0070c637d8467d216785497e7c00f870f7a1a12185e102ebe009e3467d011d207d32f2a52bafaf86ec15616a984b8e9728a45b50281ece9912233613224222356000434553430301145310420004273404215535227542216233445555154261322232275455165501110551544175444                                                         ;
; dev_password4        ; d0070c637d8467d216785491e1c00f870f7a1ae6099eac19d44978b7f5082a30304d35d5ba40adf229412a4e401e82a018f2a52b00b435b6647e6a984b8e40f7cacc1d25295ee122336132242223560004345534303011453100004233041052422324402224003245311015010425524235753251133544555514227122322257545516500100555144517445 ;
+----------------------+--------------------------------------------------------------------------------------------------------------------------------------------------------------------------------------------------------------------------------------------------------------------------------------------+


