Fitter Place Stage Report for de25_lcd_top
Sat Sep  5 14:25:50 2026
Quartus Prime Version 25.1.1 Build 125 07/31/2025 Patches 1.03 SC Pro Edition


---------------------
; Table of Contents ;
---------------------
  1. Legal Notice
  2. Fitter Resource Usage Summary
  3. Fitter Resource Utilization by Entity
  4. Global & Other Fast Signals Summary
  5. Global Signal Visualization
  6. Global & Other Fast Signals Details
  7. Place Messages



----------------
; Legal Notice ;
----------------
Copyright (C) 2025  Altera Corporation. All rights reserved.
Your use of Altera Corporation's design tools, logic functions 
and other software and tools, and any partner logic 
functions, and any output files from any of the foregoing 
(including device programming or simulation files), and any 
associated documentation or information are expressly subject 
to the terms and conditions of the Altera Program License 
Subscription Agreement, the Altera Quartus Prime License Agreement,
the Altera IP License Agreement, or other applicable license
agreement, including, without limitation, that your use is for
the sole purpose of programming logic devices manufactured by
Altera and sold by Altera or its authorized distributors.  Please
refer to the Altera Software License Subscription Agreements 
on the Quartus Prime software download page.



+-------------------------------------------------------------------------------------+
; Fitter Resource Usage Summary                                                       ;
+-------------------------------------------------------------+---------------+-------+
; Resource                                                    ; Usage         ; %     ;
+-------------------------------------------------------------+---------------+-------+
; Usage Report Generated after: Place                         ;               ;       ;
;                                                             ;               ;       ;
; Logic utilization (ALMs needed / total ALMs on device)      ; 121 / 46,800  ; < 1 % ;
; ALMs needed [=A-B+C]                                        ; 121           ;       ;
;     [A] ALMs used in final placement [=a+b+c+d]             ; 134 / 46,800  ; < 1 % ;
;         [a] ALMs used for LUT logic and register circuitry  ; 65            ;       ;
;         [b] ALMs used for LUT logic                         ; 63            ;       ;
;         [c] ALMs used for register circuitry                ; 6             ;       ;
;         [d] ALMs used for memory (up to half of total ALMs) ; 0             ;       ;
;     [B] Estimate of ALMs recoverable by dense packing       ; 13 / 46,800   ; < 1 % ;
;     [C] Estimate of ALMs unavailable [=a+b+c+d]             ; 0 / 46,800    ; 0 %   ;
;         [a] Due to location constrained logic               ; 0             ;       ;
;         [b] Due to LAB-wide signal conflicts                ; 0             ;       ;
;         [c] Due to LAB input limits                         ; 0             ;       ;
;         [d] Due to virtual I/Os                             ; 0             ;       ;
;                                                             ;               ;       ;
; Difficulty packing design                                   ; Low           ;       ;
;                                                             ;               ;       ;
; Total LABs:  partially or completely used                   ; 16 / 4,680    ; < 1 % ;
;     -- Logic LABs                                           ; 16            ;       ;
;     -- Memory LABs (up to half of total LABs)               ; 0             ;       ;
;                                                             ;               ;       ;
; Combinational ALUT usage for logic                          ; 218           ;       ;
;     -- 8 input functions                                    ; 2             ;       ;
;     -- 7 input functions                                    ; 0             ;       ;
;     -- 6 input functions                                    ; 5             ;       ;
;     -- 5 input functions                                    ; 48            ;       ;
;     -- 4 input functions                                    ; 30            ;       ;
;     -- <=3 input functions                                  ; 133           ;       ;
; Combinational ALUT usage for route-throughs                 ; 8             ;       ;
;                                                             ;               ;       ;
; Dedicated logic registers                                   ; 141           ;       ;
;     -- By type:                                             ;               ;       ;
;         -- LAB logic registers:                             ;               ;       ;
;             -- Primary logic registers                      ; 141 / 93,600  ; < 1 % ;
;             -- Secondary logic registers                    ; 0 / 93,600    ; 0 %   ;
;         -- Hyper-Registers:                                 ; 0             ;       ;
;                                                             ;               ;       ;
; Register control circuitry for power estimation             ; 0             ;       ;
;                                                             ;               ;       ;
; ALMs adjustment for power estimation                        ; 8             ;       ;
;                                                             ;               ;       ;
; I/O pins                                                    ; 7 / 351       ; 2 %   ;
;     -- Clock pins                                           ; 0 / 16        ; 0 %   ;
;     -- Dedicated input pins                                 ; 3 / 6         ; 50 %  ;
;                                                             ;               ;       ;
; M20K blocks                                                 ; 0 / 358       ; 0 %   ;
; Total MLAB memory bits                                      ; 0             ;       ;
; Total block memory bits                                     ; 0 / 7,331,840 ; 0 %   ;
;                                                             ;               ;       ;
; DSP Blocks Needed [=A+B+C-D]                                ; 0 / 188       ; 0 %   ;
;     [A] Total Fixed Point DSP Blocks                        ; 0             ;       ;
;     [B] Total Floating Point DSP Blocks                     ; 0             ;       ;
;     [C] Total DSP_PRIME Blocks                              ; 0             ;       ;
;     [D] Estimate of DSP Blocks recoverable by dense merging ; 0             ;       ;
;                                                             ;               ;       ;
; IOPLLs                                                      ; 0 / 11        ; 0 %   ;
; Global signals                                              ; 1             ;       ;
; LVDS_RX blocks                                              ; 0 / 96        ; 0 %   ;
; HMC blocks                                                  ; 0 / 4         ; 0 %   ;
; Maximum fan-out                                             ; 141           ;       ;
; Highest non-global fan-out                                  ; 141           ;       ;
; Total fan-out                                               ; 1253          ;       ;
; Average fan-out                                             ; 3.10          ;       ;
+-------------------------------------------------------------+---------------+-------+
The Fitter Resource Usage Summary report displays a detailed analysis of logic utilization based on calculations of ALM usage. Refer to <a class="xref" href="https://www.intel.com/content/www/us/en/programmable/quartushelp/current/index.htm#mapIdTopics/mwh1465496451103.htm" target="_blank">Fitter Resource Usage Summary Report</a> in the <i>Intel® Quartus® Prime Pro Edition Help</i> for more information.


+-----------------------------------------------------------------------------------------------------------------------------------------------------------------------------------------------------------------------------------------------------------------------------------------------------------------------------------------------------------------------------------------------------------------------------------------------------------------------------------------------+
; Fitter Resource Utilization by Entity                                                                                                                                                                                                                                                                                                                                                                                                                                                         ;
+----------------------------+----------------------+----------------------------------+---------------------------------------------------+----------------------------------+----------------------+---------------------+---------------------------+---------------+-------------------+-------+--------------------------+----------------------------------------+---------------------------------------------------+------+--------+---------------------+---------------+--------------+
; Compilation Hierarchy Node ; ALMs needed [=A-B+C] ; [A] ALMs used in final placement ; [B] Estimate of ALMs recoverable by dense packing ; [C] Estimate of ALMs unavailable ; ALMs used for memory ; Combinational ALUTs ; Dedicated Logic Registers ; I/O Registers ; Block Memory Bits ; M20Ks ; DSP Blocks needed [=A-B] ; [A] DSP Blocks used in final placement ; [B] Estimate of DSPs recoverable by dense merging ; Pins ; IOPLLs ; Full Hierarchy Name ; Entity Name   ; Library Name ;
+----------------------------+----------------------+----------------------------------+---------------------------------------------------+----------------------------------+----------------------+---------------------+---------------------------+---------------+-------------------+-------+--------------------------+----------------------------------------+---------------------------------------------------+------+--------+---------------------+---------------+--------------+
; |                          ; 121.0 (18.0)         ; 133.5 (19.0)                     ; 12.5 (1.0)                                        ; 0.0 (0.0)                        ; 0.0 (0.0)            ; 218 (32)            ; 141 (29)                  ; 0 (0)         ; 0                 ; 0     ; 0                        ; 0                                      ; 0                                                 ; 14   ; 0 (0)  ; |                   ; de25_lcd_top  ; altera_work  ;
;    |u_st7789_driver|       ; 103.0 (103.0)        ; 114.5 (114.5)                    ; 11.5 (11.5)                                       ; 0.0 (0.0)                        ; 0.0 (0.0)            ; 186 (186)           ; 112 (112)                 ; 0 (0)         ; 0                 ; 0     ; 0                        ; 0                                      ; 0                                                 ; 0    ; 0 (0)  ; u_st7789_driver     ; st7789_driver ; altera_work  ;
+----------------------------+----------------------+----------------------------------+---------------------------------------------------+----------------------------------+----------------------+---------------------+---------------------------+---------------+-------------------+-------+--------------------------+----------------------------------------+---------------------------------------------------+------+--------+---------------------+---------------+--------------+
Note: For table entries with two numbers listed, the numbers in parentheses indicate the number of resources of the given type used by the specific entity alone. The numbers listed outside of parentheses indicate the total resources of the given type used by the specific entity and all of its sub-entities in the hierarchy.


+-------------------------------------------+
; Global & Other Fast Signals Summary       ;
+------+----------+---------+---------------+
; Name ; Location ; Fan-Out ; Clock Region  ;
+------+----------+---------+---------------+
; clk  ; PIN_V16  ; 141     ; Sector (1, 0) ;
+------+----------+---------+---------------+


-------------------------------
; Global Signal Visualization ;
-------------------------------
This report is unavailable in plain text report export.


+--------------------------------------------------------------------------------------------------+
; Global & Other Fast Signals Details                                                              ;
+---------------------------------------------------+----------------------------------------------+
; Property                                          ; Value                                        ;
+---------------------------------------------------+----------------------------------------------+
; Name                                              ; clk                                          ;
;     -- Source Node                                ; clk~pad                                      ;
;     -- Source Type                                ; I/O pad                                      ;
;     -- Source Location                            ; PIN_V16                                      ;
;     -- Fan-Out                                    ; 141                                          ;
;     -- Promotion Reason                           ; Mandatory                                    ;
;     -- Clock Region                               ; Sector (1, 0)                                ;
;     -- Clock Partition Ownership for Preservation ; root_partition                               ;
;     -- Clock Region Size (in Sectors)             ; 1 x 1 (1 total)                              ;
;     -- Clock Region Bounding Box                  ; (61, 5) to (121, 51)                         ;
;     -- Clock Region Constraint                    ; SX1 SY0 SX1 SY0                              ;
;     -- Terminating Spine Index                    ; 27                                           ;
;     -- Path Length                                ; 0.5 clock sector wire(s) and 0 layer jump(s) ;
;         -- Length from Clock Source to Clock Tree ; 0.5 clock sector wire(s) and 0 layer jump(s) ;
;         -- Clock Tree Length                      ; 0.0 clock sector wire(s) and 0 layer jump(s) ;
+---------------------------------------------------+----------------------------------------------+
To visualize how these signals are routed, use the Chip Planner task "Report Clock Details".
To manually specify the size and placement of these signals, use the Assignment Editor to make Clock Region assignments.


+----------------+
; Place Messages ;
+----------------+
Info (20030): Parallel compilation is enabled and will use 12 of the 12 processors detected
Info: *******************************************************************
Info: Running Quartus Prime Fitter
    Info: Version 25.1.1 Build 125 07/31/2025 Patches 1.03 SC Pro Edition
    Info: Processing started: Sat Sep  5 14:24:31 2026
    Info: System process ID: 10208
Info: Command: quartus_fit --read_settings_files=on --write_settings_files=off de25_lcd_top -c de25_lcd_top
Info: Using INI file c:/altera_pro/25.1.1/quartus/bin64/quartus.ini
Info: qfit2_default_script.tcl version: #1
Info: Project  = de25_lcd_top
Info: Revision = de25_lcd_top
Info (11165): Fitter preparation operations ending: elapsed time is 00:00:40
Info (18252): The Fitter is using Physical Synthesis.
Info (22300): Design uses Placement Effort Multiplier = 1.0.
Info (18258): Fitter Physical Synthesis operations beginning
Info (18259): Fitter Physical Synthesis operations ending: elapsed time is 00:00:01
Info (11888): Total time spent on timing analysis during Physical Synthesis is 0.00 seconds.
Info (11178): Promoted 1 clock 
    Info (18386): clk (141 fanout) drives clock sector (1, 0)
Info (22300): Design uses Placement Effort Multiplier = 1.0.
Info (170189): Fitter placement preparation operations beginning
Info (11888): Total time spent on timing analysis during Physical Synthesis is 0.00 seconds.
Info (22300): Design uses Placement Effort Multiplier = 1.0.
Info (170191): Fitter placement operations beginning
Info (170137): Fitter placement was successful
Info (170192): Fitter placement operations ending: elapsed time is 00:00:02
Info (11888): Total time spent on timing analysis during Placement is 0.00 seconds.


