Synthesis report
Sat Sep  5 15:36:35 2026
Quartus Prime Version 25.1.1 Build 125 07/31/2025 Patches 1.03 SC Pro Edition


---------------------
; Table of Contents ;
---------------------
  1. Legal Notice
  2. Synthesis Summary
  3. Synthesis Settings
---- Analysis & Elaboration Stage Reports ----
  4. Synthesis Messages



----------------
; Legal Notice ;
----------------
Copyright (C) 2025  Altera Corporation. All rights reserved.
Your use of Altera Corporation's design tools, logic functions 
and other software and tools, and any partner logic 
functions, and any output files from any of the foregoing 
(including device programming or simulation files), and any 
associated documentation or information are expressly subject 
to the terms and conditions of the Altera Program License 
Subscription Agreement, the Altera Quartus Prime License Agreement,
the Altera IP License Agreement, or other applicable license
agreement, including, without limitation, that your use is for
the sole purpose of programming logic devices manufactured by
Altera and sold by Altera or its authorized distributors.  Please
refer to the Altera Software License Subscription Agreements 
on the Quartus Prime software download page.



+-----------------------------------------------------------+
; Synthesis Summary                                         ;
+-----------------------+-----------------------------------+
; Synthesis Status      ; Failed - Sat Sep  5 15:36:34 2026 ;
; Revision Name         ; de25_lcd_top                      ;
; Top-level Entity Name ; de25_lcd_top                      ;
; Family                ; Agilex 5                          ;
+-----------------------+-----------------------------------+


+-------------------------------------------------------------------------------------------------------------------------------------+
; Synthesis Settings                                                                                                                  ;
+---------------------------------------------------------------------------------+-------------------------+-------------------------+
; Option                                                                          ; Setting                 ; Default Value           ;
+---------------------------------------------------------------------------------+-------------------------+-------------------------+
; Device                                                                          ; A5EB013BB23BE4SR1       ;                         ;
; Top-level entity name                                                           ; de25_lcd_top            ; de25_lcd_top            ;
; Family name                                                                     ; Agilex 5                ; Cyclone 10 GX           ;
; Maximum number of parallel out-of-context synthesis jobs                        ; Auto                    ; Auto                    ;
; Enable parallel Assembler and Timing Analyzer during compilation                ; On                      ; On                      ;
; Enable compact report table                                                     ; Off                     ; Off                     ;
; Enable Design Assistant in the compilation flow                                 ; On                      ; On                      ;
; Design Assistant include IP blocks                                              ; Off                     ; Off                     ;
; High fanout net threshold for RAM inference                                     ; 15                      ; 15                      ;
; Design Assistant limit on reported violations per rule                          ; 5000                    ; 5000                    ;
; Optimization Mode                                                               ; Balanced                ; Balanced                ;
; rtm_high_performance_effort                                                     ; Off                     ; Off                     ;
; physical_synthesis_high_effort                                                  ; Off                     ; Off                     ;
; Allow Register Retiming                                                         ; On                      ; On                      ;
; Allow RAM Retiming                                                              ; Off                     ; Off                     ;
; Allow DSP Retiming                                                              ; Off                     ; Off                     ;
; Restructure Multiplexers                                                        ; Auto                    ; Auto                    ;
; Waive gated clock synchronizer check                                            ; On                      ; On                      ;
; MLAB Add Timing Constraints For Mixed-Port Feed-Through Mode Setting Don't Care ; Off                     ; Off                     ;
; Create Debugging Nodes for IP Cores                                             ; Off                     ; Off                     ;
; Preserve fewer node names                                                       ; On                      ; On                      ;
; Intel FPGA IP Evaluation Mode                                                   ; Enable                  ; Enable                  ;
; Verilog Version                                                                 ; Verilog_2001            ; Verilog_2001            ;
; VHDL Version                                                                    ; VHDL_1993               ; VHDL_1993               ;
; State Machine Processing                                                        ; Auto                    ; Auto                    ;
; Safe State Machine                                                              ; Auto                    ; Auto                    ;
; Iteration limit for constant Verilog loops                                      ; 5000                    ; 5000                    ;
; Iteration limit for non-constant Verilog loops                                  ; 250                     ; 250                     ;
; Add Pass-Through Logic to Inferred RAMs                                         ; On                      ; On                      ;
; Infer RAMs from Raw Logic                                                       ; On                      ; On                      ;
; DSP Action on miss                                                              ; Ignore                  ; Ignore                  ;
; DSP Block Balancing                                                             ; Auto                    ; Auto                    ;
; NOT Gate Push-Back                                                              ; On                      ; On                      ;
; Power-Up Don't Care                                                             ; On                      ; On                      ;
; Remove Redundant Logic Cells                                                    ; Off                     ; Off                     ;
; Remove Duplicate Registers                                                      ; On                      ; On                      ;
; Ignore CARRY Buffers                                                            ; Off                     ; Off                     ;
; Ignore CASCADE Buffers                                                          ; Off                     ; Off                     ;
; Ignore GLOBAL Buffers                                                           ; Off                     ; Off                     ;
; Ignore ROW GLOBAL Buffers                                                       ; Off                     ; Off                     ;
; Ignore LCELL Buffers                                                            ; Off                     ; Off                     ;
; Ignore SOFT Buffers                                                             ; On                      ; On                      ;
; Optimization Technique                                                          ; Balanced                ; Balanced                ;
; Auto Open-Drain Pins                                                            ; On                      ; On                      ;
; Perform WYSIWYG Primitive Resynthesis                                           ; Off                     ; Off                     ;
; Auto ROM Replacement                                                            ; On                      ; On                      ;
; Auto RAM Replacement                                                            ; On                      ; On                      ;
; Auto DSP Block Replacement                                                      ; On                      ; On                      ;
; Auto Shift Register Replacement                                                 ; Auto                    ; Auto                    ;
; Allow Shift Register Merging across Hierarchies                                 ; Auto                    ; Auto                    ;
; Physical Shift Register Inference                                               ; On                      ; On                      ;
; Auto Clock Enable Replacement                                                   ; On                      ; On                      ;
; Strict RAM Replacement                                                          ; Off                     ; Off                     ;
; Allow Synchronous Control Signals                                               ; On                      ; On                      ;
; Force Use of Synchronous Clear Signals                                          ; Off                     ; Off                     ;
; Auto Resource Sharing                                                           ; Off                     ; Off                     ;
; Allow Any RAM Size For Recognition                                              ; Off                     ; Off                     ;
; Allow Any ROM Size For Recognition                                              ; Off                     ; Off                     ;
; Allow Any Shift Register Size For Recognition                                   ; Off                     ; Off                     ;
; Ignore translate_off and synthesis_off directives                               ; Off                     ; Off                     ;
; Report Propagation of Constraints                                               ; On                      ; On                      ;
; Ignore Maximum Fan-Out Assignments                                              ; Off                     ; Off                     ;
; Synchronization Register Chain Length                                           ; 3                       ; 3                       ;
; Power Optimization During Synthesis                                             ; Normal compilation      ; Normal compilation      ;
; HDL message level                                                               ; Level2                  ; Level2                  ;
; Suppress Register Optimization Related Messages                                 ; Off                     ; Off                     ;
; Number of Protected Registers Reported in Synthesis Report                      ; 100                     ; 100                     ;
; Number of Removed Registers Reported in Synthesis Report                        ; 5000                    ; 5000                    ;
; Number of Optimized Away Hierarchies Reported in Synthesis Report               ; 100                     ; 100                     ;
; Number of Top Root Causes Reported in Synthesis Report                          ; 10                      ; 10                      ;
; Group Identical Hierarchies in Optimized Away Hierarchies Report                ; On                      ; On                      ;
; Number of Swept Nodes Reported in Synthesis Report                              ; 5000                    ; 5000                    ;
; Number of Inverted Registers Reported in Synthesis Report                       ; 100                     ; 100                     ;
; Clock MUX Protection                                                            ; On                      ; On                      ;
; Auto Gated Clock Conversion                                                     ; Off                     ; Off                     ;
; Block Design Naming                                                             ; Auto                    ; Auto                    ;
; SDC constraint protection                                                       ; Off                     ; Off                     ;
; Optimization and Constraint Precedence                                          ; Prioritize Optimization ; Prioritize Optimization ;
; Synthesis Effort                                                                ; Auto                    ; Auto                    ;
; Shift Register Replacement - Allow Asynchronous Clear Signal                    ; On                      ; On                      ;
; Analysis & Synthesis Message Level                                              ; Medium                  ; Medium                  ;
; Disable Register Merging Across Hierarchies                                     ; Auto                    ; Auto                    ;
; Resource Aware Inference For Block RAM                                          ; On                      ; On                      ;
; Automatic Parallel Synthesis                                                    ; On                      ; On                      ;
; Extract Redundant User Nets                                                     ; Off                     ; Off                     ;
; Partial Reconfiguration Bitstream ID                                            ; Off                     ; Off                     ;
; Disable DSP Negate Inferencing                                                  ; Off                     ; Off                     ;
; Report Parameter Settings                                                       ; On                      ; On                      ;
; Report Parameter Settings to ASCII                                              ; On                      ; On                      ;
; Report Source Assignments                                                       ; On                      ; On                      ;
; Report Source Assignments to ASCII                                              ; On                      ; On                      ;
; Report Resource Utilization by Entity to ASCII                                  ; On                      ; On                      ;
; Size of the Latch Report                                                        ; 100                     ; 100                     ;
; Enable VHDL static assertion support                                            ; Off                     ; Off                     ;
; Enable SystemVerilog static assertion support                                   ; Off                     ; Off                     ;
; Enable State Machines Inference                                                 ; On                      ; On                      ;
; Allow RAMs Inferred In Generate-For Loop For Verilog                            ; Off                     ; Off                     ;
; Enable formal verification support during compilation                           ; Off                     ; Off                     ;
; Enable hierarchical dumps for formal verification support during compilation    ; Off                     ; Off                     ;
; Size of the PR Initial Conditions Report                                        ; 100                     ; 100                     ;
; Number of Registers with Ignored Power-Up Settings Reported in Synthesis Report ; 500                     ; 500                     ;
; Report PR Initial Values as Errors                                              ; Off                     ; Off                     ;
; Fractal Synthesis                                                               ; Off                     ; Off                     ;
; Aggressive Multiplexer Area Optimization                                        ; Auto                    ; Auto                    ;
; 6LUT to Extended Mode Conversion                                                ; Auto                    ; Auto                    ;
; Synthesis Available Resource Multiplier                                         ; 1                       ; 1                       ;
; Message Level for Unconnected Output Ports                                      ; Warning                 ; Warning                 ;
; Pack Barrelshifters into Carry Chains for Better Area                           ; Auto                    ; Auto                    ;
; Initialize Verilog enums to X                                                   ; Off                     ; Off                     ;
; Enable dynamic report                                                           ; Off                     ; Off                     ;
; Show Collapsible Rows in Ascii Report for Warning Summary Reports               ; On                      ; On                      ;
; Enable RTL Analysis Debug Mode                                                  ; Off                     ; Off                     ;
; Enable preserve for debug assignments                                           ; Off                     ; Off                     ;
+---------------------------------------------------------------------------------+-------------------------+-------------------------+


+--------------------+
; Synthesis Messages ;
+--------------------+
Info: *******************************************************************
Info: Running Quartus Prime Synthesis
    Info: Version 25.1.1 Build 125 07/31/2025 Patches 1.03 SC Pro Edition
    Info: Processing started: Sat Sep  5 15:36:22 2026
    Info: System process ID: 23884
Info: Command: quartus_syn --read_settings_files=on --write_settings_files=off --analysis_and_elaboration de25_lcd_top -c de25_lcd_top
Info: Using INI file c:/altera_pro/25.1.1/quartus/bin64/quartus.ini
Info: qis_default_flow_script.tcl version: #1
Info: Initializing Synthesis...
Info: Project = "de25_lcd_top"
Info: Revision = "de25_lcd_top"
Info (21958): Initialized Quartus Message Database
Info: Analyzing source files
Info (19551): Verilog HDL info at de25_lcd_top.v(74):         reg [8:0] x_scaled; File: C:/Users/wqshj/Desktop/FPGA_Pro/My_Verilog/learn/LCD/rtl/de25_lcd_top.v Line: 74
Info (19551): Verilog HDL info at de25_lcd_top.v(74):              ^ File: C:/Users/wqshj/Desktop/FPGA_Pro/My_Verilog/learn/LCD/rtl/de25_lcd_top.v Line: 74
Error (13411): Verilog HDL syntax error at de25_lcd_top.v(74) near text [', expecting '"'" File: C:/Users/wqshj/Desktop/FPGA_Pro/My_Verilog/learn/LCD/rtl/de25_lcd_top.v Line: 74
Info (19551): Verilog HDL info at de25_lcd_top.v(77):         reg [4:0] r_val; File: C:/Users/wqshj/Desktop/FPGA_Pro/My_Verilog/learn/LCD/rtl/de25_lcd_top.v Line: 77
Info (19551): Verilog HDL info at de25_lcd_top.v(77):              ^ File: C:/Users/wqshj/Desktop/FPGA_Pro/My_Verilog/learn/LCD/rtl/de25_lcd_top.v Line: 77
Error (13411): Verilog HDL syntax error at de25_lcd_top.v(77) near text [', expecting '"'" File: C:/Users/wqshj/Desktop/FPGA_Pro/My_Verilog/learn/LCD/rtl/de25_lcd_top.v Line: 77
Info (19551): Verilog HDL info at de25_lcd_top.v(78):         reg [5:0] g_val; File: C:/Users/wqshj/Desktop/FPGA_Pro/My_Verilog/learn/LCD/rtl/de25_lcd_top.v Line: 78
Info (19551): Verilog HDL info at de25_lcd_top.v(78):              ^ File: C:/Users/wqshj/Desktop/FPGA_Pro/My_Verilog/learn/LCD/rtl/de25_lcd_top.v Line: 78
Error (13411): Verilog HDL syntax error at de25_lcd_top.v(78) near text [', expecting '"'" File: C:/Users/wqshj/Desktop/FPGA_Pro/My_Verilog/learn/LCD/rtl/de25_lcd_top.v Line: 78
Info (19551): Verilog HDL info at de25_lcd_top.v(79):         reg [4:0] b_val; File: C:/Users/wqshj/Desktop/FPGA_Pro/My_Verilog/learn/LCD/rtl/de25_lcd_top.v Line: 79
Info (19551): Verilog HDL info at de25_lcd_top.v(79):              ^ File: C:/Users/wqshj/Desktop/FPGA_Pro/My_Verilog/learn/LCD/rtl/de25_lcd_top.v Line: 79
Error (13411): Verilog HDL syntax error at de25_lcd_top.v(79) near text [', expecting '"'" File: C:/Users/wqshj/Desktop/FPGA_Pro/My_Verilog/learn/LCD/rtl/de25_lcd_top.v Line: 79
Error (13386): Verilog HDL Procedural Assignment error at de25_lcd_top.v(61): object "pix_valid" on left-hand side of assignment must have a variable data type File: C:/Users/wqshj/Desktop/FPGA_Pro/My_Verilog/learn/LCD/rtl/de25_lcd_top.v Line: 61
Error (13406): Verilog HDL error at de25_lcd_top.v(75): object "x_scaled" is not declared File: C:/Users/wqshj/Desktop/FPGA_Pro/My_Verilog/learn/LCD/rtl/de25_lcd_top.v Line: 75
Error (13406): Verilog HDL error at de25_lcd_top.v(81): object "x_scaled" is not declared File: C:/Users/wqshj/Desktop/FPGA_Pro/My_Verilog/learn/LCD/rtl/de25_lcd_top.v Line: 81
Error (13406): Verilog HDL error at de25_lcd_top.v(82): object "r_val" is not declared File: C:/Users/wqshj/Desktop/FPGA_Pro/My_Verilog/learn/LCD/rtl/de25_lcd_top.v Line: 82
Error (13406): Verilog HDL error at de25_lcd_top.v(83): object "g_val" is not declared File: C:/Users/wqshj/Desktop/FPGA_Pro/My_Verilog/learn/LCD/rtl/de25_lcd_top.v Line: 83
Error (13406): Verilog HDL error at de25_lcd_top.v(84): object "b_val" is not declared File: C:/Users/wqshj/Desktop/FPGA_Pro/My_Verilog/learn/LCD/rtl/de25_lcd_top.v Line: 84
Error (13406): Verilog HDL error at de25_lcd_top.v(86): object "x_scaled" is not declared File: C:/Users/wqshj/Desktop/FPGA_Pro/My_Verilog/learn/LCD/rtl/de25_lcd_top.v Line: 86
Error (13406): Verilog HDL error at de25_lcd_top.v(87): object "r_val" is not declared File: C:/Users/wqshj/Desktop/FPGA_Pro/My_Verilog/learn/LCD/rtl/de25_lcd_top.v Line: 87
Error (13406): Verilog HDL error at de25_lcd_top.v(88): object "g_val" is not declared File: C:/Users/wqshj/Desktop/FPGA_Pro/My_Verilog/learn/LCD/rtl/de25_lcd_top.v Line: 88
Error (13406): Verilog HDL error at de25_lcd_top.v(89): object "b_val" is not declared File: C:/Users/wqshj/Desktop/FPGA_Pro/My_Verilog/learn/LCD/rtl/de25_lcd_top.v Line: 89
Error (13406): Verilog HDL error at de25_lcd_top.v(92): object "r_val" is not declared File: C:/Users/wqshj/Desktop/FPGA_Pro/My_Verilog/learn/LCD/rtl/de25_lcd_top.v Line: 92
Error (13406): Verilog HDL error at de25_lcd_top.v(93): object "g_val" is not declared File: C:/Users/wqshj/Desktop/FPGA_Pro/My_Verilog/learn/LCD/rtl/de25_lcd_top.v Line: 93
Error (13406): Verilog HDL error at de25_lcd_top.v(94): object "b_val" is not declared File: C:/Users/wqshj/Desktop/FPGA_Pro/My_Verilog/learn/LCD/rtl/de25_lcd_top.v Line: 94
Error (13406): Verilog HDL error at de25_lcd_top.v(96): object "r_val" is not declared File: C:/Users/wqshj/Desktop/FPGA_Pro/My_Verilog/learn/LCD/rtl/de25_lcd_top.v Line: 96
Error (13386): Verilog HDL Procedural Assignment error at de25_lcd_top.v(99): object "pix_valid" on left-hand side of assignment must have a variable data type File: C:/Users/wqshj/Desktop/FPGA_Pro/My_Verilog/learn/LCD/rtl/de25_lcd_top.v Line: 99
Error: Failed to elaborate design: 
Error: Flow failed: Errors generated during elaboration
Error: Quartus Prime Synthesis was unsuccessful. 21 errors, 0 warnings
    Error: Peak virtual memory: 461 megabytes
    Error: Processing ended: Sat Sep  5 15:36:35 2026
    Error: Elapsed time: 00:00:13
    Error: System process ID: 23884


